Archive member included to satisfy reference by file (symbol)

/usr/lib64/libc_nonshared.a(elf-init.oS)
                              /usr/lib/gcc/x86_64-redhat-linux/4.8.5/../../../../lib64/crt1.o (__libc_csu_init)

As-needed library included to satisfy reference by file (symbol)

ld-linux-x86-64.so.2          main.o (__tls_get_addr@@GLIBC_2.3)

Discarded input sections

 .note.GNU-stack
                0x0000000000000000        0x0 /usr/lib/gcc/x86_64-redhat-linux/4.8.5/../../../../lib64/crt1.o
 .note.GNU-stack
                0x0000000000000000        0x0 /usr/lib/gcc/x86_64-redhat-linux/4.8.5/../../../../lib64/crti.o
 .note.GNU-stack
                0x0000000000000000        0x0 /usr/lib/gcc/x86_64-redhat-linux/4.8.5/crtbegin.o
 .note.GNU-stack
                0x0000000000000000        0x0 main.o
 .note.GNU-stack
                0x0000000000000000        0x0 /usr/lib64/libc_nonshared.a(elf-init.oS)
 .note.GNU-stack
                0x0000000000000000        0x0 /usr/lib/gcc/x86_64-redhat-linux/4.8.5/crtend.o
 .note.GNU-stack
                0x0000000000000000        0x0 /usr/lib/gcc/x86_64-redhat-linux/4.8.5/../../../../lib64/crtn.o

Memory Configuration

Name             Origin             Length             Attributes
*default*        0x0000000000000000 0xffffffffffffffff

Linker script and memory map

LOAD /usr/lib/gcc/x86_64-redhat-linux/4.8.5/../../../../lib64/crt1.o
LOAD /usr/lib/gcc/x86_64-redhat-linux/4.8.5/../../../../lib64/crti.o
LOAD /usr/lib/gcc/x86_64-redhat-linux/4.8.5/crtbegin.o
LOAD main.o
LOAD /home/qjt/spdk/dpdk/dpdk-19.05/x86_64-native-linuxapp-gcc/lib/librte_pmd_e1000.so
LOAD /home/qjt/spdk/dpdk/dpdk-19.05/x86_64-native-linuxapp-gcc/lib/librte_pmd_i40e.so
LOAD /home/qjt/spdk/dpdk/dpdk-19.05/x86_64-native-linuxapp-gcc/lib/librte_pmd_ixgbe.so
LOAD /home/qjt/spdk/dpdk/dpdk-19.05/x86_64-native-linuxapp-gcc/lib/librte_flow_classify.so
LOAD /home/qjt/spdk/dpdk/dpdk-19.05/x86_64-native-linuxapp-gcc/lib/librte_pipeline.so
LOAD /home/qjt/spdk/dpdk/dpdk-19.05/x86_64-native-linuxapp-gcc/lib/librte_table.so
LOAD /home/qjt/spdk/dpdk/dpdk-19.05/x86_64-native-linuxapp-gcc/lib/librte_port.so
LOAD /home/qjt/spdk/dpdk/dpdk-19.05/x86_64-native-linuxapp-gcc/lib/librte_pdump.so
LOAD /home/qjt/spdk/dpdk/dpdk-19.05/x86_64-native-linuxapp-gcc/lib/librte_distributor.so
LOAD /home/qjt/spdk/dpdk/dpdk-19.05/x86_64-native-linuxapp-gcc/lib/librte_ip_frag.so
LOAD /home/qjt/spdk/dpdk/dpdk-19.05/x86_64-native-linuxapp-gcc/lib/librte_meter.so
LOAD /home/qjt/spdk/dpdk/dpdk-19.05/x86_64-native-linuxapp-gcc/lib/librte_lpm.so
LOAD /home/qjt/spdk/dpdk/dpdk-19.05/x86_64-native-linuxapp-gcc/lib/librte_acl.so
LOAD /home/qjt/spdk/dpdk/dpdk-19.05/x86_64-native-linuxapp-gcc/lib/librte_jobstats.so
LOAD /home/qjt/spdk/dpdk/dpdk-19.05/x86_64-native-linuxapp-gcc/lib/librte_metrics.so
LOAD /home/qjt/spdk/dpdk/dpdk-19.05/x86_64-native-linuxapp-gcc/lib/librte_bitratestats.so
LOAD /home/qjt/spdk/dpdk/dpdk-19.05/x86_64-native-linuxapp-gcc/lib/librte_latencystats.so
LOAD /home/qjt/spdk/dpdk/dpdk-19.05/x86_64-native-linuxapp-gcc/lib/librte_power.so
LOAD /home/qjt/spdk/dpdk/dpdk-19.05/x86_64-native-linuxapp-gcc/lib/librte_efd.so
LOAD /home/qjt/spdk/dpdk/dpdk-19.05/x86_64-native-linuxapp-gcc/lib/librte_bpf.so
LOAD /home/qjt/spdk/dpdk/dpdk-19.05/x86_64-native-linuxapp-gcc/lib/librte_ipsec.so
LOAD /home/qjt/spdk/dpdk/dpdk-19.05/x86_64-native-linuxapp-gcc/lib/librte_cfgfile.so
LOAD /home/qjt/spdk/dpdk/dpdk-19.05/x86_64-native-linuxapp-gcc/lib/librte_gro.so
LOAD /home/qjt/spdk/dpdk/dpdk-19.05/x86_64-native-linuxapp-gcc/lib/librte_gso.so
LOAD /home/qjt/spdk/dpdk/dpdk-19.05/x86_64-native-linuxapp-gcc/lib/librte_hash.so
LOAD /home/qjt/spdk/dpdk/dpdk-19.05/x86_64-native-linuxapp-gcc/lib/librte_member.so
LOAD /home/qjt/spdk/dpdk/dpdk-19.05/x86_64-native-linuxapp-gcc/lib/librte_vhost.so
LOAD /home/qjt/spdk/dpdk/dpdk-19.05/x86_64-native-linuxapp-gcc/lib/librte_kvargs.so
LOAD /home/qjt/spdk/dpdk/dpdk-19.05/x86_64-native-linuxapp-gcc/lib/librte_mbuf.so
LOAD /home/qjt/spdk/dpdk/dpdk-19.05/x86_64-native-linuxapp-gcc/lib/librte_net.so
LOAD /home/qjt/spdk/dpdk/dpdk-19.05/x86_64-native-linuxapp-gcc/lib/librte_ethdev.so
LOAD /home/qjt/spdk/dpdk/dpdk-19.05/x86_64-native-linuxapp-gcc/lib/librte_bbdev.so
LOAD /home/qjt/spdk/dpdk/dpdk-19.05/x86_64-native-linuxapp-gcc/lib/librte_cryptodev.so
LOAD /home/qjt/spdk/dpdk/dpdk-19.05/x86_64-native-linuxapp-gcc/lib/librte_security.so
LOAD /home/qjt/spdk/dpdk/dpdk-19.05/x86_64-native-linuxapp-gcc/lib/librte_compressdev.so
LOAD /home/qjt/spdk/dpdk/dpdk-19.05/x86_64-native-linuxapp-gcc/lib/librte_eventdev.so
LOAD /home/qjt/spdk/dpdk/dpdk-19.05/x86_64-native-linuxapp-gcc/lib/librte_rawdev.so
LOAD /home/qjt/spdk/dpdk/dpdk-19.05/x86_64-native-linuxapp-gcc/lib/librte_timer.so
LOAD /home/qjt/spdk/dpdk/dpdk-19.05/x86_64-native-linuxapp-gcc/lib/librte_mempool.so
LOAD /home/qjt/spdk/dpdk/dpdk-19.05/x86_64-native-linuxapp-gcc/lib/librte_stack.so
LOAD /home/qjt/spdk/dpdk/dpdk-19.05/x86_64-native-linuxapp-gcc/lib/librte_mempool_ring.so
LOAD /home/qjt/spdk/dpdk/dpdk-19.05/x86_64-native-linuxapp-gcc/lib/librte_ring.so
LOAD /home/qjt/spdk/dpdk/dpdk-19.05/x86_64-native-linuxapp-gcc/lib/librte_pci.so
LOAD /home/qjt/spdk/dpdk/dpdk-19.05/x86_64-native-linuxapp-gcc/lib/librte_eal.so
LOAD /home/qjt/spdk/dpdk/dpdk-19.05/x86_64-native-linuxapp-gcc/lib/librte_cmdline.so
LOAD /home/qjt/spdk/dpdk/dpdk-19.05/x86_64-native-linuxapp-gcc/lib/librte_reorder.so
LOAD /home/qjt/spdk/dpdk/dpdk-19.05/x86_64-native-linuxapp-gcc/lib/librte_sched.so
LOAD /home/qjt/spdk/dpdk/dpdk-19.05/x86_64-native-linuxapp-gcc/lib/librte_rcu.so
LOAD /home/qjt/spdk/dpdk/dpdk-19.05/x86_64-native-linuxapp-gcc/lib/librte_kni.so
LOAD /home/qjt/spdk/dpdk/dpdk-19.05/x86_64-native-linuxapp-gcc/lib/librte_common_cpt.so
LOAD /home/qjt/spdk/dpdk/dpdk-19.05/x86_64-native-linuxapp-gcc/lib/librte_common_octeontx.so
LOAD /home/qjt/spdk/dpdk/dpdk-19.05/x86_64-native-linuxapp-gcc/lib/librte_common_dpaax.so
LOAD /home/qjt/spdk/dpdk/dpdk-19.05/x86_64-native-linuxapp-gcc/lib/librte_bus_pci.so
LOAD /home/qjt/spdk/dpdk/dpdk-19.05/x86_64-native-linuxapp-gcc/lib/librte_bus_vdev.so
LOAD /home/qjt/spdk/dpdk/dpdk-19.05/x86_64-native-linuxapp-gcc/lib/librte_bus_dpaa.so
LOAD /home/qjt/spdk/dpdk/dpdk-19.05/x86_64-native-linuxapp-gcc/lib/librte_bus_fslmc.so
LOAD /usr/lib/gcc/x86_64-redhat-linux/4.8.5/libgcc_s.so
LOAD /usr/lib/gcc/x86_64-redhat-linux/4.8.5/../../../../lib64/libdl.so
LOAD /usr/lib/gcc/x86_64-redhat-linux/4.8.5/libgcc.a
LOAD /usr/lib/gcc/x86_64-redhat-linux/4.8.5/libgcc_s.so
LOAD /usr/lib/gcc/x86_64-redhat-linux/4.8.5/../../../../lib64/libpthread.so
START GROUP
LOAD /lib64/libpthread.so.0
LOAD /usr/lib64/libpthread_nonshared.a
END GROUP
LOAD /usr/lib/gcc/x86_64-redhat-linux/4.8.5/../../../../lib64/libc.so
START GROUP
LOAD /lib64/libc.so.6
LOAD /usr/lib64/libc_nonshared.a
LOAD /lib64/ld-linux-x86-64.so.2
END GROUP
LOAD /usr/lib/gcc/x86_64-redhat-linux/4.8.5/libgcc.a
LOAD /usr/lib/gcc/x86_64-redhat-linux/4.8.5/libgcc_s.so
LOAD /usr/lib/gcc/x86_64-redhat-linux/4.8.5/crtend.o
LOAD /usr/lib/gcc/x86_64-redhat-linux/4.8.5/../../../../lib64/crtn.o
                [!provide]                        PROVIDE (__executable_start, 0x400000)
                0x0000000000400238                . = (0x400000 + SIZEOF_HEADERS)

.interp         0x0000000000400238       0x1c
 *(.interp)
 .interp        0x0000000000400238       0x1c /usr/lib/gcc/x86_64-redhat-linux/4.8.5/../../../../lib64/crt1.o

.note.ABI-tag   0x0000000000400254       0x20
 .note.ABI-tag  0x0000000000400254       0x20 /usr/lib/gcc/x86_64-redhat-linux/4.8.5/../../../../lib64/crt1.o

.note.gnu.build-id
                0x0000000000400274       0x24
 *(.note.gnu.build-id)
 .note.gnu.build-id
                0x0000000000400274       0x24 /usr/lib/gcc/x86_64-redhat-linux/4.8.5/../../../../lib64/crt1.o

.hash
 *(.hash)

.gnu.hash       0x0000000000400298       0x5c
 *(.gnu.hash)
 .gnu.hash      0x0000000000400298       0x5c /usr/lib/gcc/x86_64-redhat-linux/4.8.5/../../../../lib64/crt1.o

.dynsym         0x00000000004002f8      0x390
 *(.dynsym)
 .dynsym        0x00000000004002f8      0x390 /usr/lib/gcc/x86_64-redhat-linux/4.8.5/../../../../lib64/crt1.o

.dynstr         0x0000000000400688      0x769
 *(.dynstr)
 .dynstr        0x0000000000400688      0x769 /usr/lib/gcc/x86_64-redhat-linux/4.8.5/../../../../lib64/crt1.o

.gnu.version    0x0000000000400df2       0x4c
 *(.gnu.version)
 .gnu.version   0x0000000000400df2       0x4c /usr/lib/gcc/x86_64-redhat-linux/4.8.5/../../../../lib64/crt1.o

.gnu.version_d  0x0000000000400e40        0x0
 *(.gnu.version_d)
 .gnu.version_d
                0x0000000000400e40        0x0 /usr/lib/gcc/x86_64-redhat-linux/4.8.5/../../../../lib64/crt1.o

.gnu.version_r  0x0000000000400e40       0xe0
 *(.gnu.version_r)
 .gnu.version_r
                0x0000000000400e40       0xe0 /usr/lib/gcc/x86_64-redhat-linux/4.8.5/../../../../lib64/crt1.o

.rela.dyn       0x0000000000400f20       0x60
 *(.rela.init)
 *(.rela.text .rela.text.* .rela.gnu.linkonce.t.*)
 .rela.text     0x0000000000400f20        0x0 /usr/lib/gcc/x86_64-redhat-linux/4.8.5/../../../../lib64/crt1.o
 *(.rela.fini)
 *(.rela.rodata .rela.rodata.* .rela.gnu.linkonce.r.*)
 *(.rela.data .rela.data.* .rela.gnu.linkonce.d.*)
 *(.rela.tdata .rela.tdata.* .rela.gnu.linkonce.td.*)
 *(.rela.tbss .rela.tbss.* .rela.gnu.linkonce.tb.*)
 *(.rela.ctors)
 *(.rela.dtors)
 *(.rela.got)
 .rela.got      0x0000000000400f20       0x60 /usr/lib/gcc/x86_64-redhat-linux/4.8.5/../../../../lib64/crt1.o
 *(.rela.bss .rela.bss.* .rela.gnu.linkonce.b.*)
 .rela.bss      0x0000000000400f80        0x0 /usr/lib/gcc/x86_64-redhat-linux/4.8.5/../../../../lib64/crt1.o
 *(.rela.ldata .rela.ldata.* .rela.gnu.linkonce.l.*)
 *(.rela.lbss .rela.lbss.* .rela.gnu.linkonce.lb.*)
 *(.rela.lrodata .rela.lrodata.* .rela.gnu.linkonce.lr.*)
 *(.rela.ifunc)

.rela.plt       0x0000000000400f80      0x210
 *(.rela.plt)
 .rela.plt      0x0000000000400f80      0x210 /usr/lib/gcc/x86_64-redhat-linux/4.8.5/../../../../lib64/crt1.o
                [!provide]                        PROVIDE (__rela_iplt_start, .)
 *(.rela.iplt)
                [!provide]                        PROVIDE (__rela_iplt_end, .)

.init           0x0000000000401190       0x1a
 *(SORT(.init))
 .init          0x0000000000401190       0x15 /usr/lib/gcc/x86_64-redhat-linux/4.8.5/../../../../lib64/crti.o
                0x0000000000401190                _init
 .init          0x00000000004011a5        0x5 /usr/lib/gcc/x86_64-redhat-linux/4.8.5/../../../../lib64/crtn.o

.plt            0x00000000004011b0      0x170
 *(.plt)
 .plt           0x00000000004011b0      0x170 /usr/lib/gcc/x86_64-redhat-linux/4.8.5/../../../../lib64/crt1.o
                0x00000000004011c0                rte_eth_rx_queue_setup@@DPDK_2.2
                0x00000000004011d0                printf@@GLIBC_2.2.5
                0x00000000004011e0                memset@@GLIBC_2.2.5
                0x00000000004011f0                rte_eth_dev_count_total@@DPDK_19.05
                0x0000000000401210                puts@@GLIBC_2.2.5
                0x0000000000401220                rte_eth_dev_start@@DPDK_2.2
                0x0000000000401230                __libc_start_main@@GLIBC_2.2.5
                0x0000000000401240                rte_eth_dev_count@@DPDK_2.2
                0x0000000000401250                __rte_panic@@DPDK_2.0
                0x0000000000401260                rte_eth_dev_configure@@DPDK_2.2
                0x0000000000401270                __tls_get_addr@@GLIBC_2.3
                0x0000000000401280                rte_socket_id@@DPDK_2.0
                0x0000000000401290                rte_exit@@DPDK_2.0
                0x00000000004012a0                rte_eal_get_configuration@@DPDK_2.0
                0x00000000004012b0                rte_eth_dev_count_avail@@DPDK_18.05
                0x00000000004012c0                rte_eal_init@@DPDK_2.0
                0x00000000004012d0                rte_eth_macaddr_get@@DPDK_2.2
                0x00000000004012e0                rte_eth_tx_queue_setup@@DPDK_2.2
                0x00000000004012f0                rte_eth_dev_socket_id@@DPDK_2.2
                0x0000000000401300                rte_eth_promiscuous_enable@@DPDK_2.2
                0x0000000000401310                rte_pktmbuf_pool_create@@DPDK_2.1
 *(.iplt)

.plt.got        0x0000000000401320        0x0
 *(.plt.got)
 .plt.got       0x0000000000401320        0x0 /usr/lib/gcc/x86_64-redhat-linux/4.8.5/../../../../lib64/crt1.o

.plt.bnd
 *(.plt.bnd)

.text           0x0000000000401320     0x8042
 *(.text.unlikely .text.*_unlikely .text.unlikely.*)
 *(.text.exit .text.exit.*)
 *(.text.startup .text.startup.*)
 *(.text.hot .text.hot.*)
 *(.text .stub .text.* .gnu.linkonce.t.*)
 .text          0x0000000000401320       0x2a /usr/lib/gcc/x86_64-redhat-linux/4.8.5/../../../../lib64/crt1.o
                0x0000000000401320                _start
 .text          0x000000000040134a        0x0 /usr/lib/gcc/x86_64-redhat-linux/4.8.5/../../../../lib64/crti.o
 *fill*         0x000000000040134a        0x6 
 .text          0x0000000000401350       0xbd /usr/lib/gcc/x86_64-redhat-linux/4.8.5/crtbegin.o
 .text          0x000000000040140d     0x7ee2 main.o
                0x0000000000409181                main
 *fill*         0x00000000004092ef        0x1 
 .text          0x00000000004092f0       0x72 /usr/lib64/libc_nonshared.a(elf-init.oS)
                0x00000000004092f0                __libc_csu_init
                0x0000000000409360                __libc_csu_fini
 .text          0x0000000000409362        0x0 /usr/lib/gcc/x86_64-redhat-linux/4.8.5/crtend.o
 .text          0x0000000000409362        0x0 /usr/lib/gcc/x86_64-redhat-linux/4.8.5/../../../../lib64/crtn.o
 *(.gnu.warning)

.fini           0x0000000000409364        0x9
 *(SORT(.fini))
 .fini          0x0000000000409364        0x4 /usr/lib/gcc/x86_64-redhat-linux/4.8.5/../../../../lib64/crti.o
                0x0000000000409364                _fini
 .fini          0x0000000000409368        0x5 /usr/lib/gcc/x86_64-redhat-linux/4.8.5/../../../../lib64/crtn.o
                [!provide]                        PROVIDE (__etext, .)
                [!provide]                        PROVIDE (_etext, .)
                [!provide]                        PROVIDE (etext, .)

.rodata         0x0000000000409380      0xff4
 *(.rodata .rodata.* .gnu.linkonce.r.*)
 .rodata.cst4   0x0000000000409380        0x4 /usr/lib/gcc/x86_64-redhat-linux/4.8.5/../../../../lib64/crt1.o
                0x0000000000409380                _IO_stdin_used
 *fill*         0x0000000000409384        0x4 
 .rodata        0x0000000000409388        0x8 /usr/lib/gcc/x86_64-redhat-linux/4.8.5/crtbegin.o
                0x0000000000409388                __dso_handle
 *fill*         0x0000000000409390       0x10 
 .rodata        0x00000000004093a0      0xfd4 main.o

.rodata1
 *(.rodata1)

.eh_frame_hdr   0x000000000040a374      0x134
 *(.eh_frame_hdr)
 .eh_frame_hdr  0x000000000040a374      0x134 /usr/lib/gcc/x86_64-redhat-linux/4.8.5/../../../../lib64/crt1.o
                0x000000000040a374                __GNU_EH_FRAME_HDR
 *(.eh_frame_entry .eh_frame_entry.*)

.eh_frame       0x000000000040a4a8      0x4fc
 *(.eh_frame)
 .eh_frame      0x000000000040a4a8       0x30 /usr/lib/gcc/x86_64-redhat-linux/4.8.5/../../../../lib64/crt1.o
 .eh_frame      0x000000000040a4d8       0x40 /usr/lib/gcc/x86_64-redhat-linux/4.8.5/../../../../lib64/crt1.o
 .eh_frame      0x000000000040a518      0x428 main.o
                                        0x438 (size before relaxing)
 .eh_frame      0x000000000040a940       0x60 /usr/lib64/libc_nonshared.a(elf-init.oS)
                                         0x78 (size before relaxing)
 .eh_frame      0x000000000040a9a0        0x4 /usr/lib/gcc/x86_64-redhat-linux/4.8.5/crtend.o
 *(.eh_frame.*)

.gcc_except_table
 *(.gcc_except_table .gcc_except_table.*)

.gnu_extab
 *(.gnu_extab*)

.exception_ranges
 *(.exception_ranges .exception_ranges*)
                0x000000000060aa38                . = DATA_SEGMENT_ALIGN (0x200000, 0x1000)

.eh_frame
 *(.eh_frame)
 *(.eh_frame.*)

.gnu_extab
 *(.gnu_extab)

.gcc_except_table
 *(.gcc_except_table .gcc_except_table.*)

.exception_ranges
 *(.exception_ranges .exception_ranges*)

.tdata
 *(.tdata .tdata.* .gnu.linkonce.td.*)

.tbss
 *(.tbss .tbss.* .gnu.linkonce.tb.*)
 *(.tcommon)

.preinit_array  0x000000000060aa38        0x0
                [!provide]                        PROVIDE (__preinit_array_start, .)
 *(.preinit_array)
                [!provide]                        PROVIDE (__preinit_array_end, .)

.init_array     0x000000000060aa38        0x8
                0x000000000060aa38                PROVIDE (__init_array_start, .)
 *(SORT(.init_array.*) SORT(.ctors.*))
 *(.init_array EXCLUDE_FILE(*crtend?.o *crtend.o *crtbegin?.o *crtbegin.o) .ctors)
 .init_array    0x000000000060aa38        0x8 /usr/lib/gcc/x86_64-redhat-linux/4.8.5/crtbegin.o
                0x000000000060aa40                PROVIDE (__init_array_end, .)

.fini_array     0x000000000060aa40        0x8
                [!provide]                        PROVIDE (__fini_array_start, .)
 *(SORT(.fini_array.*) SORT(.dtors.*))
 *(.fini_array EXCLUDE_FILE(*crtend?.o *crtend.o *crtbegin?.o *crtbegin.o) .dtors)
 .fini_array    0x000000000060aa40        0x8 /usr/lib/gcc/x86_64-redhat-linux/4.8.5/crtbegin.o
                [!provide]                        PROVIDE (__fini_array_end, .)

.ctors
 *crtbegin.o(.ctors)
 *crtbegin?.o(.ctors)
 *(EXCLUDE_FILE(*crtend?.o *crtend.o) .ctors)
 *(SORT(.ctors.*))
 *(.ctors)

.dtors
 *crtbegin.o(.dtors)
 *crtbegin?.o(.dtors)
 *(EXCLUDE_FILE(*crtend?.o *crtend.o) .dtors)
 *(SORT(.dtors.*))
 *(.dtors)

.jcr            0x000000000060aa48        0x8
 *(.jcr)
 .jcr           0x000000000060aa48        0x0 /usr/lib/gcc/x86_64-redhat-linux/4.8.5/crtbegin.o
 .jcr           0x000000000060aa48        0x8 /usr/lib/gcc/x86_64-redhat-linux/4.8.5/crtend.o

.data.rel.ro
 *(.data.rel.ro.local* .gnu.linkonce.d.rel.ro.local.*)
 *(.data.rel.ro .data.rel.ro.* .gnu.linkonce.d.rel.ro.*)

.dynamic        0x000000000060aa50      0x590
 *(.dynamic)
 .dynamic       0x000000000060aa50      0x590 /usr/lib/gcc/x86_64-redhat-linux/4.8.5/../../../../lib64/crt1.o
                0x000000000060aa50                _DYNAMIC

.got            0x000000000060afe0       0x20
 *(.got)
 .got           0x000000000060afe0       0x20 /usr/lib/gcc/x86_64-redhat-linux/4.8.5/../../../../lib64/crt1.o
 *(.igot)
                0x000000000060bfe8                . = DATA_SEGMENT_RELRO_END (., (SIZEOF (.got.plt) >= 0x18)?0x18:0x0)

.got.plt        0x000000000060b000       0xc8
 *(.got.plt)
 .got.plt       0x000000000060b000       0xc8 /usr/lib/gcc/x86_64-redhat-linux/4.8.5/../../../../lib64/crt1.o
                0x000000000060b000                _GLOBAL_OFFSET_TABLE_
 *(.igot.plt)

.data           0x000000000060b0c8        0x4
 *(.data .data.* .gnu.linkonce.d.*)
 .data          0x000000000060b0c8        0x4 /usr/lib/gcc/x86_64-redhat-linux/4.8.5/../../../../lib64/crt1.o
                0x000000000060b0c8                data_start
                0x000000000060b0c8                __data_start
 .data          0x000000000060b0cc        0x0 /usr/lib/gcc/x86_64-redhat-linux/4.8.5/../../../../lib64/crti.o
 .data          0x000000000060b0cc        0x0 /usr/lib/gcc/x86_64-redhat-linux/4.8.5/crtbegin.o
 .data          0x000000000060b0cc        0x0 main.o
 .data          0x000000000060b0cc        0x0 /usr/lib64/libc_nonshared.a(elf-init.oS)
 .data          0x000000000060b0cc        0x0 /usr/lib/gcc/x86_64-redhat-linux/4.8.5/crtend.o
 .data          0x000000000060b0cc        0x0 /usr/lib/gcc/x86_64-redhat-linux/4.8.5/../../../../lib64/crtn.o

.tm_clone_table
                0x000000000060b0d0        0x0
 .tm_clone_table
                0x000000000060b0d0        0x0 /usr/lib/gcc/x86_64-redhat-linux/4.8.5/crtbegin.o
 .tm_clone_table
                0x000000000060b0d0        0x0 /usr/lib/gcc/x86_64-redhat-linux/4.8.5/crtend.o

.data1
 *(.data1)
                0x000000000060b0d0                _edata = .
                [!provide]                        PROVIDE (edata, .)
                0x000000000060b0d0                . = .
                0x000000000060b0d0                __bss_start = .

.bss            0x000000000060b0cc        0x4
 *(.dynbss)
 .dynbss        0x000000000060b0cc        0x0 /usr/lib/gcc/x86_64-redhat-linux/4.8.5/../../../../lib64/crt1.o
 *(.bss .bss.* .gnu.linkonce.b.*)
 .bss           0x000000000060b0cc        0x0 /usr/lib/gcc/x86_64-redhat-linux/4.8.5/../../../../lib64/crt1.o
 .bss           0x000000000060b0cc        0x0 /usr/lib/gcc/x86_64-redhat-linux/4.8.5/../../../../lib64/crti.o
 .bss           0x000000000060b0cc        0x1 /usr/lib/gcc/x86_64-redhat-linux/4.8.5/crtbegin.o
 .bss           0x000000000060b0cd        0x0 main.o
 .bss           0x000000000060b0cd        0x0 /usr/lib64/libc_nonshared.a(elf-init.oS)
 .bss           0x000000000060b0cd        0x0 /usr/lib/gcc/x86_64-redhat-linux/4.8.5/crtend.o
 .bss           0x000000000060b0cd        0x0 /usr/lib/gcc/x86_64-redhat-linux/4.8.5/../../../../lib64/crtn.o
 *(COMMON)
                0x000000000060b0d0                . = ALIGN ((. != 0x0)?0x8:0x1)
 *fill*         0x000000000060b0cd        0x3 

.lbss
 *(.dynlbss)
 *(.lbss .lbss.* .gnu.linkonce.lb.*)
 *(LARGE_COMMON)
                0x000000000060b0d0                . = ALIGN (0x8)
                0x000000000060b0d0                . = SEGMENT_START ("ldata-segment", .)

.lrodata
 *(.lrodata .lrodata.* .gnu.linkonce.lr.*)

.ldata          0x0000000000a0b0d0        0x0
 *(.ldata .ldata.* .gnu.linkonce.l.*)
                0x0000000000a0b0d0                . = ALIGN ((. != 0x0)?0x8:0x1)
                0x0000000000a0b0d0                . = ALIGN (0x8)
                0x0000000000a0b0d0                _end = .
                [!provide]                        PROVIDE (end, .)
                0x0000000000a0b0d0                . = DATA_SEGMENT_END (.)

.stab
 *(.stab)

.stabstr
 *(.stabstr)

.stab.excl
 *(.stab.excl)

.stab.exclstr
 *(.stab.exclstr)

.stab.index
 *(.stab.index)

.stab.indexstr
 *(.stab.indexstr)

.comment        0x0000000000000000       0x5a
 *(.comment)
 .comment       0x0000000000000000       0x2d /usr/lib/gcc/x86_64-redhat-linux/4.8.5/../../../../lib64/crt1.o
                                         0x2e (size before relaxing)
 .comment       0x000000000000002d       0x2d /usr/lib/gcc/x86_64-redhat-linux/4.8.5/crtbegin.o
                                         0x2e (size before relaxing)
 .comment       0x000000000000005a       0x2e main.o
 .comment       0x000000000000005a       0x2e /usr/lib64/libc_nonshared.a(elf-init.oS)
 .comment       0x000000000000005a       0x2e /usr/lib/gcc/x86_64-redhat-linux/4.8.5/crtend.o

.debug
 *(.debug)

.line
 *(.line)

.debug_srcinfo
 *(.debug_srcinfo)

.debug_sfnames
 *(.debug_sfnames)

.debug_aranges  0x0000000000000000       0x30
 *(.debug_aranges)
 .debug_aranges
                0x0000000000000000       0x30 main.o

.debug_pubnames
 *(.debug_pubnames)

.debug_info     0x0000000000000000     0xb5e8
 *(.debug_info .gnu.linkonce.wi.*)
 .debug_info    0x0000000000000000     0xb5e8 main.o

.debug_abbrev   0x0000000000000000      0x4dc
 *(.debug_abbrev)
 .debug_abbrev  0x0000000000000000      0x4dc main.o

.debug_line     0x0000000000000000     0x2c95
 *(.debug_line .debug_line.* .debug_line_end)
 .debug_line    0x0000000000000000     0x2c95 main.o

.debug_frame
 *(.debug_frame)

.debug_str      0x0000000000000000     0x3d41
 *(.debug_str)
 .debug_str     0x0000000000000000     0x3d41 main.o
                                       0x419c (size before relaxing)

.debug_loc
 *(.debug_loc)

.debug_macinfo
 *(.debug_macinfo)

.debug_weaknames
 *(.debug_weaknames)

.debug_funcnames
 *(.debug_funcnames)

.debug_typenames
 *(.debug_typenames)

.debug_varnames
 *(.debug_varnames)

.debug_pubtypes
 *(.debug_pubtypes)

.debug_ranges
 *(.debug_ranges)

.debug_macro
 *(.debug_macro)

.gnu.attributes
 *(.gnu.attributes)

/DISCARD/
 *(.note.GNU-stack)
 *(.gnu_debuglink)
 *(.gnu.lto_*)
OUTPUT(main elf64-x86-64)

Cross Reference Table

Symbol                                            File
DPDK_16.04                                        /home/qjt/spdk/dpdk/dpdk-19.05/x86_64-native-linuxapp-gcc/lib/librte_pipeline.so
                                                  /home/qjt/spdk/dpdk/dpdk-19.05/x86_64-native-linuxapp-gcc/lib/librte_eal.so
                                                  /home/qjt/spdk/dpdk/dpdk-19.05/x86_64-native-linuxapp-gcc/lib/librte_cryptodev.so
                                                  /home/qjt/spdk/dpdk/dpdk-19.05/x86_64-native-linuxapp-gcc/lib/librte_ethdev.so
                                                  /home/qjt/spdk/dpdk/dpdk-19.05/x86_64-native-linuxapp-gcc/lib/librte_cfgfile.so
                                                  /home/qjt/spdk/dpdk/dpdk-19.05/x86_64-native-linuxapp-gcc/lib/librte_jobstats.so
                                                  /home/qjt/spdk/dpdk/dpdk-19.05/x86_64-native-linuxapp-gcc/lib/librte_lpm.so
DPDK_16.07                                        /home/qjt/spdk/dpdk/dpdk-19.05/x86_64-native-linuxapp-gcc/lib/librte_port.so
                                                  /home/qjt/spdk/dpdk/dpdk-19.05/x86_64-native-linuxapp-gcc/lib/librte_eal.so
                                                  /home/qjt/spdk/dpdk/dpdk-19.05/x86_64-native-linuxapp-gcc/lib/librte_mempool.so
                                                  /home/qjt/spdk/dpdk/dpdk-19.05/x86_64-native-linuxapp-gcc/lib/librte_ethdev.so
                                                  /home/qjt/spdk/dpdk/dpdk-19.05/x86_64-native-linuxapp-gcc/lib/librte_vhost.so
                                                  /home/qjt/spdk/dpdk/dpdk-19.05/x86_64-native-linuxapp-gcc/lib/librte_hash.so
                                                  /home/qjt/spdk/dpdk/dpdk-19.05/x86_64-native-linuxapp-gcc/lib/librte_pdump.so
DPDK_16.11                                        /home/qjt/spdk/dpdk/dpdk-19.05/x86_64-native-linuxapp-gcc/lib/librte_pmd_ixgbe.so
                                                  /home/qjt/spdk/dpdk/dpdk-19.05/x86_64-native-linuxapp-gcc/lib/librte_eal.so
                                                  /home/qjt/spdk/dpdk/dpdk-19.05/x86_64-native-linuxapp-gcc/lib/librte_net.so
                                                  /home/qjt/spdk/dpdk/dpdk-19.05/x86_64-native-linuxapp-gcc/lib/librte_mbuf.so
                                                  /home/qjt/spdk/dpdk/dpdk-19.05/x86_64-native-linuxapp-gcc/lib/librte_port.so
DPDK_17.02                                        /home/qjt/spdk/dpdk/dpdk-19.05/x86_64-native-linuxapp-gcc/lib/librte_pmd_i40e.so
                                                  /home/qjt/spdk/dpdk/dpdk-19.05/x86_64-native-linuxapp-gcc/lib/librte_eal.so
                                                  /home/qjt/spdk/dpdk/dpdk-19.05/x86_64-native-linuxapp-gcc/lib/librte_cryptodev.so
                                                  /home/qjt/spdk/dpdk/dpdk-19.05/x86_64-native-linuxapp-gcc/lib/librte_ethdev.so
                                                  /home/qjt/spdk/dpdk/dpdk-19.05/x86_64-native-linuxapp-gcc/lib/librte_efd.so
                                                  /home/qjt/spdk/dpdk/dpdk-19.05/x86_64-native-linuxapp-gcc/lib/librte_pmd_ixgbe.so
DPDK_17.05                                        /home/qjt/spdk/dpdk/dpdk-19.05/x86_64-native-linuxapp-gcc/lib/librte_pmd_i40e.so
                                                  /home/qjt/spdk/dpdk/dpdk-19.05/x86_64-native-linuxapp-gcc/lib/librte_bus_fslmc.so
                                                  /home/qjt/spdk/dpdk/dpdk-19.05/x86_64-native-linuxapp-gcc/lib/librte_eal.so
                                                  /home/qjt/spdk/dpdk/dpdk-19.05/x86_64-native-linuxapp-gcc/lib/librte_mempool_ring.so
                                                  /home/qjt/spdk/dpdk/dpdk-19.05/x86_64-native-linuxapp-gcc/lib/librte_eventdev.so
                                                  /home/qjt/spdk/dpdk/dpdk-19.05/x86_64-native-linuxapp-gcc/lib/librte_cryptodev.so
                                                  /home/qjt/spdk/dpdk/dpdk-19.05/x86_64-native-linuxapp-gcc/lib/librte_ethdev.so
                                                  /home/qjt/spdk/dpdk/dpdk-19.05/x86_64-native-linuxapp-gcc/lib/librte_net.so
                                                  /home/qjt/spdk/dpdk/dpdk-19.05/x86_64-native-linuxapp-gcc/lib/librte_vhost.so
                                                  /home/qjt/spdk/dpdk/dpdk-19.05/x86_64-native-linuxapp-gcc/lib/librte_cfgfile.so
                                                  /home/qjt/spdk/dpdk/dpdk-19.05/x86_64-native-linuxapp-gcc/lib/librte_latencystats.so
                                                  /home/qjt/spdk/dpdk/dpdk-19.05/x86_64-native-linuxapp-gcc/lib/librte_bitratestats.so
                                                  /home/qjt/spdk/dpdk/dpdk-19.05/x86_64-native-linuxapp-gcc/lib/librte_metrics.so
                                                  /home/qjt/spdk/dpdk/dpdk-19.05/x86_64-native-linuxapp-gcc/lib/librte_lpm.so
                                                  /home/qjt/spdk/dpdk/dpdk-19.05/x86_64-native-linuxapp-gcc/lib/librte_distributor.so
                                                  /home/qjt/spdk/dpdk/dpdk-19.05/x86_64-native-linuxapp-gcc/lib/librte_pmd_ixgbe.so
DPDK_17.08                                        /home/qjt/spdk/dpdk/dpdk-19.05/x86_64-native-linuxapp-gcc/lib/librte_pmd_i40e.so
                                                  /home/qjt/spdk/dpdk/dpdk-19.05/x86_64-native-linuxapp-gcc/lib/librte_bus_fslmc.so
                                                  /home/qjt/spdk/dpdk/dpdk-19.05/x86_64-native-linuxapp-gcc/lib/librte_eal.so
                                                  /home/qjt/spdk/dpdk/dpdk-19.05/x86_64-native-linuxapp-gcc/lib/librte_eventdev.so
                                                  /home/qjt/spdk/dpdk/dpdk-19.05/x86_64-native-linuxapp-gcc/lib/librte_cryptodev.so
                                                  /home/qjt/spdk/dpdk/dpdk-19.05/x86_64-native-linuxapp-gcc/lib/librte_ethdev.so
                                                  /home/qjt/spdk/dpdk/dpdk-19.05/x86_64-native-linuxapp-gcc/lib/librte_vhost.so
                                                  /home/qjt/spdk/dpdk/dpdk-19.05/x86_64-native-linuxapp-gcc/lib/librte_gro.so
                                                  /home/qjt/spdk/dpdk/dpdk-19.05/x86_64-native-linuxapp-gcc/lib/librte_ip_frag.so
                                                  /home/qjt/spdk/dpdk/dpdk-19.05/x86_64-native-linuxapp-gcc/lib/librte_pmd_ixgbe.so
DPDK_17.11                                        /home/qjt/spdk/dpdk/dpdk-19.05/x86_64-native-linuxapp-gcc/lib/librte_pmd_i40e.so
                                                  /home/qjt/spdk/dpdk/dpdk-19.05/x86_64-native-linuxapp-gcc/lib/librte_bus_fslmc.so
                                                  /home/qjt/spdk/dpdk/dpdk-19.05/x86_64-native-linuxapp-gcc/lib/librte_bus_dpaa.so
                                                  /home/qjt/spdk/dpdk/dpdk-19.05/x86_64-native-linuxapp-gcc/lib/librte_bus_vdev.so
                                                  /home/qjt/spdk/dpdk/dpdk-19.05/x86_64-native-linuxapp-gcc/lib/librte_bus_pci.so
                                                  /home/qjt/spdk/dpdk/dpdk-19.05/x86_64-native-linuxapp-gcc/lib/librte_eal.so
                                                  /home/qjt/spdk/dpdk/dpdk-19.05/x86_64-native-linuxapp-gcc/lib/librte_pci.so
                                                  /home/qjt/spdk/dpdk/dpdk-19.05/x86_64-native-linuxapp-gcc/lib/librte_mempool.so
                                                  /home/qjt/spdk/dpdk/dpdk-19.05/x86_64-native-linuxapp-gcc/lib/librte_eventdev.so
                                                  /home/qjt/spdk/dpdk/dpdk-19.05/x86_64-native-linuxapp-gcc/lib/librte_cryptodev.so
                                                  /home/qjt/spdk/dpdk/dpdk-19.05/x86_64-native-linuxapp-gcc/lib/librte_ethdev.so
                                                  /home/qjt/spdk/dpdk/dpdk-19.05/x86_64-native-linuxapp-gcc/lib/librte_member.so
                                                  /home/qjt/spdk/dpdk/dpdk-19.05/x86_64-native-linuxapp-gcc/lib/librte_gso.so
                                                  /home/qjt/spdk/dpdk/dpdk-19.05/x86_64-native-linuxapp-gcc/lib/librte_cfgfile.so
                                                  /home/qjt/spdk/dpdk/dpdk-19.05/x86_64-native-linuxapp-gcc/lib/librte_power.so
                                                  /home/qjt/spdk/dpdk/dpdk-19.05/x86_64-native-linuxapp-gcc/lib/librte_table.so
DPDK_18.02                                        /home/qjt/spdk/dpdk/dpdk-19.05/x86_64-native-linuxapp-gcc/lib/librte_pmd_i40e.so
                                                  /home/qjt/spdk/dpdk/dpdk-19.05/x86_64-native-linuxapp-gcc/lib/librte_bus_fslmc.so
                                                  /home/qjt/spdk/dpdk/dpdk-19.05/x86_64-native-linuxapp-gcc/lib/librte_bus_dpaa.so
                                                  /home/qjt/spdk/dpdk/dpdk-19.05/x86_64-native-linuxapp-gcc/lib/librte_bus_vdev.so
                                                  /home/qjt/spdk/dpdk/dpdk-19.05/x86_64-native-linuxapp-gcc/lib/librte_eal.so
                                                  /home/qjt/spdk/dpdk/dpdk-19.05/x86_64-native-linuxapp-gcc/lib/librte_eventdev.so
                                                  /home/qjt/spdk/dpdk/dpdk-19.05/x86_64-native-linuxapp-gcc/lib/librte_ethdev.so
                                                  /home/qjt/spdk/dpdk/dpdk-19.05/x86_64-native-linuxapp-gcc/lib/librte_vhost.so
DPDK_18.05                                        /home/qjt/spdk/dpdk/dpdk-19.05/x86_64-native-linuxapp-gcc/lib/librte_ethdev.so
                                                  /home/qjt/spdk/dpdk/dpdk-19.05/x86_64-native-linuxapp-gcc/lib/librte_bus_fslmc.so
                                                  /home/qjt/spdk/dpdk/dpdk-19.05/x86_64-native-linuxapp-gcc/lib/librte_common_octeontx.so
                                                  /home/qjt/spdk/dpdk/dpdk-19.05/x86_64-native-linuxapp-gcc/lib/librte_eal.so
                                                  /home/qjt/spdk/dpdk/dpdk-19.05/x86_64-native-linuxapp-gcc/lib/librte_mempool.so
                                                  /home/qjt/spdk/dpdk/dpdk-19.05/x86_64-native-linuxapp-gcc/lib/librte_eventdev.so
                                                  /home/qjt/spdk/dpdk/dpdk-19.05/x86_64-native-linuxapp-gcc/lib/librte_cryptodev.so
DPDK_18.08                                        /home/qjt/spdk/dpdk/dpdk-19.05/x86_64-native-linuxapp-gcc/lib/librte_meter.so
                                                  /home/qjt/spdk/dpdk/dpdk-19.05/x86_64-native-linuxapp-gcc/lib/librte_bus_dpaa.so
                                                  /home/qjt/spdk/dpdk/dpdk-19.05/x86_64-native-linuxapp-gcc/lib/librte_eal.so
                                                  /home/qjt/spdk/dpdk/dpdk-19.05/x86_64-native-linuxapp-gcc/lib/librte_rawdev.so
                                                  /home/qjt/spdk/dpdk/dpdk-19.05/x86_64-native-linuxapp-gcc/lib/librte_ethdev.so
                                                  /home/qjt/spdk/dpdk/dpdk-19.05/x86_64-native-linuxapp-gcc/lib/librte_mbuf.so
                                                  /home/qjt/spdk/dpdk/dpdk-19.05/x86_64-native-linuxapp-gcc/lib/librte_hash.so
                                                  /home/qjt/spdk/dpdk/dpdk-19.05/x86_64-native-linuxapp-gcc/lib/librte_power.so
DPDK_18.11                                        /home/qjt/spdk/dpdk/dpdk-19.05/x86_64-native-linuxapp-gcc/lib/librte_port.so
                                                  /home/qjt/spdk/dpdk/dpdk-19.05/x86_64-native-linuxapp-gcc/lib/librte_bus_fslmc.so
                                                  /home/qjt/spdk/dpdk/dpdk-19.05/x86_64-native-linuxapp-gcc/lib/librte_bus_dpaa.so
                                                  /home/qjt/spdk/dpdk/dpdk-19.05/x86_64-native-linuxapp-gcc/lib/librte_common_dpaax.so
                                                  /home/qjt/spdk/dpdk/dpdk-19.05/x86_64-native-linuxapp-gcc/lib/librte_common_cpt.so
                                                  /home/qjt/spdk/dpdk/dpdk-19.05/x86_64-native-linuxapp-gcc/lib/librte_eal.so
                                                  /home/qjt/spdk/dpdk/dpdk-19.05/x86_64-native-linuxapp-gcc/lib/librte_security.so
                                                  /home/qjt/spdk/dpdk/dpdk-19.05/x86_64-native-linuxapp-gcc/lib/librte_ethdev.so
DPDK_19.05                                        /home/qjt/spdk/dpdk/dpdk-19.05/x86_64-native-linuxapp-gcc/lib/librte_ethdev.so
                                                  /home/qjt/spdk/dpdk/dpdk-19.05/x86_64-native-linuxapp-gcc/lib/librte_bus_fslmc.so
                                                  /home/qjt/spdk/dpdk/dpdk-19.05/x86_64-native-linuxapp-gcc/lib/librte_bus_dpaa.so
                                                  /home/qjt/spdk/dpdk/dpdk-19.05/x86_64-native-linuxapp-gcc/lib/librte_eal.so
                                                  /home/qjt/spdk/dpdk/dpdk-19.05/x86_64-native-linuxapp-gcc/lib/librte_timer.so
                                                  /home/qjt/spdk/dpdk/dpdk-19.05/x86_64-native-linuxapp-gcc/lib/librte_eventdev.so
DPDK_2.0                                          /home/qjt/spdk/dpdk/dpdk-19.05/x86_64-native-linuxapp-gcc/lib/librte_pmd_e1000.so
                                                  /home/qjt/spdk/dpdk/dpdk-19.05/x86_64-native-linuxapp-gcc/lib/librte_kni.so
                                                  /home/qjt/spdk/dpdk/dpdk-19.05/x86_64-native-linuxapp-gcc/lib/librte_sched.so
                                                  /home/qjt/spdk/dpdk/dpdk-19.05/x86_64-native-linuxapp-gcc/lib/librte_reorder.so
                                                  /home/qjt/spdk/dpdk/dpdk-19.05/x86_64-native-linuxapp-gcc/lib/librte_cmdline.so
                                                  /home/qjt/spdk/dpdk/dpdk-19.05/x86_64-native-linuxapp-gcc/lib/librte_eal.so
                                                  /home/qjt/spdk/dpdk/dpdk-19.05/x86_64-native-linuxapp-gcc/lib/librte_ring.so
                                                  /home/qjt/spdk/dpdk/dpdk-19.05/x86_64-native-linuxapp-gcc/lib/librte_mempool.so
                                                  /home/qjt/spdk/dpdk/dpdk-19.05/x86_64-native-linuxapp-gcc/lib/librte_timer.so
                                                  /home/qjt/spdk/dpdk/dpdk-19.05/x86_64-native-linuxapp-gcc/lib/librte_mbuf.so
                                                  /home/qjt/spdk/dpdk/dpdk-19.05/x86_64-native-linuxapp-gcc/lib/librte_kvargs.so
                                                  /home/qjt/spdk/dpdk/dpdk-19.05/x86_64-native-linuxapp-gcc/lib/librte_vhost.so
                                                  /home/qjt/spdk/dpdk/dpdk-19.05/x86_64-native-linuxapp-gcc/lib/librte_hash.so
                                                  /home/qjt/spdk/dpdk/dpdk-19.05/x86_64-native-linuxapp-gcc/lib/librte_cfgfile.so
                                                  /home/qjt/spdk/dpdk/dpdk-19.05/x86_64-native-linuxapp-gcc/lib/librte_power.so
                                                  /home/qjt/spdk/dpdk/dpdk-19.05/x86_64-native-linuxapp-gcc/lib/librte_jobstats.so
                                                  /home/qjt/spdk/dpdk/dpdk-19.05/x86_64-native-linuxapp-gcc/lib/librte_acl.so
                                                  /home/qjt/spdk/dpdk/dpdk-19.05/x86_64-native-linuxapp-gcc/lib/librte_lpm.so
                                                  /home/qjt/spdk/dpdk/dpdk-19.05/x86_64-native-linuxapp-gcc/lib/librte_meter.so
                                                  /home/qjt/spdk/dpdk/dpdk-19.05/x86_64-native-linuxapp-gcc/lib/librte_ip_frag.so
                                                  /home/qjt/spdk/dpdk/dpdk-19.05/x86_64-native-linuxapp-gcc/lib/librte_distributor.so
                                                  /home/qjt/spdk/dpdk/dpdk-19.05/x86_64-native-linuxapp-gcc/lib/librte_port.so
                                                  /home/qjt/spdk/dpdk/dpdk-19.05/x86_64-native-linuxapp-gcc/lib/librte_pipeline.so
                                                  /home/qjt/spdk/dpdk/dpdk-19.05/x86_64-native-linuxapp-gcc/lib/librte_pmd_ixgbe.so
                                                  /home/qjt/spdk/dpdk/dpdk-19.05/x86_64-native-linuxapp-gcc/lib/librte_pmd_i40e.so
DPDK_2.1                                          /home/qjt/spdk/dpdk/dpdk-19.05/x86_64-native-linuxapp-gcc/lib/librte_pipeline.so
                                                  /home/qjt/spdk/dpdk/dpdk-19.05/x86_64-native-linuxapp-gcc/lib/librte_sched.so
                                                  /home/qjt/spdk/dpdk/dpdk-19.05/x86_64-native-linuxapp-gcc/lib/librte_cmdline.so
                                                  /home/qjt/spdk/dpdk/dpdk-19.05/x86_64-native-linuxapp-gcc/lib/librte_eal.so
                                                  /home/qjt/spdk/dpdk/dpdk-19.05/x86_64-native-linuxapp-gcc/lib/librte_mbuf.so
                                                  /home/qjt/spdk/dpdk/dpdk-19.05/x86_64-native-linuxapp-gcc/lib/librte_vhost.so
                                                  /home/qjt/spdk/dpdk/dpdk-19.05/x86_64-native-linuxapp-gcc/lib/librte_hash.so
                                                  /home/qjt/spdk/dpdk/dpdk-19.05/x86_64-native-linuxapp-gcc/lib/librte_port.so
DPDK_2.2                                          /home/qjt/spdk/dpdk/dpdk-19.05/x86_64-native-linuxapp-gcc/lib/librte_pipeline.so
                                                  /home/qjt/spdk/dpdk/dpdk-19.05/x86_64-native-linuxapp-gcc/lib/librte_eal.so
                                                  /home/qjt/spdk/dpdk/dpdk-19.05/x86_64-native-linuxapp-gcc/lib/librte_ring.so
                                                  /home/qjt/spdk/dpdk/dpdk-19.05/x86_64-native-linuxapp-gcc/lib/librte_ethdev.so
                                                  /home/qjt/spdk/dpdk/dpdk-19.05/x86_64-native-linuxapp-gcc/lib/librte_hash.so
                                                  /home/qjt/spdk/dpdk/dpdk-19.05/x86_64-native-linuxapp-gcc/lib/librte_port.so
EXPERIMENTAL                                      /home/qjt/spdk/dpdk/dpdk-19.05/x86_64-native-linuxapp-gcc/lib/librte_pmd_ixgbe.so
                                                  /home/qjt/spdk/dpdk/dpdk-19.05/x86_64-native-linuxapp-gcc/lib/librte_kni.so
                                                  /home/qjt/spdk/dpdk/dpdk-19.05/x86_64-native-linuxapp-gcc/lib/librte_rcu.so
                                                  /home/qjt/spdk/dpdk/dpdk-19.05/x86_64-native-linuxapp-gcc/lib/librte_sched.so
                                                  /home/qjt/spdk/dpdk/dpdk-19.05/x86_64-native-linuxapp-gcc/lib/librte_eal.so
                                                  /home/qjt/spdk/dpdk/dpdk-19.05/x86_64-native-linuxapp-gcc/lib/librte_stack.so
                                                  /home/qjt/spdk/dpdk/dpdk-19.05/x86_64-native-linuxapp-gcc/lib/librte_mempool.so
                                                  /home/qjt/spdk/dpdk/dpdk-19.05/x86_64-native-linuxapp-gcc/lib/librte_timer.so
                                                  /home/qjt/spdk/dpdk/dpdk-19.05/x86_64-native-linuxapp-gcc/lib/librte_eventdev.so
                                                  /home/qjt/spdk/dpdk/dpdk-19.05/x86_64-native-linuxapp-gcc/lib/librte_compressdev.so
                                                  /home/qjt/spdk/dpdk/dpdk-19.05/x86_64-native-linuxapp-gcc/lib/librte_security.so
                                                  /home/qjt/spdk/dpdk/dpdk-19.05/x86_64-native-linuxapp-gcc/lib/librte_cryptodev.so
                                                  /home/qjt/spdk/dpdk/dpdk-19.05/x86_64-native-linuxapp-gcc/lib/librte_bbdev.so
                                                  /home/qjt/spdk/dpdk/dpdk-19.05/x86_64-native-linuxapp-gcc/lib/librte_ethdev.so
                                                  /home/qjt/spdk/dpdk/dpdk-19.05/x86_64-native-linuxapp-gcc/lib/librte_net.so
                                                  /home/qjt/spdk/dpdk/dpdk-19.05/x86_64-native-linuxapp-gcc/lib/librte_mbuf.so
                                                  /home/qjt/spdk/dpdk/dpdk-19.05/x86_64-native-linuxapp-gcc/lib/librte_kvargs.so
                                                  /home/qjt/spdk/dpdk/dpdk-19.05/x86_64-native-linuxapp-gcc/lib/librte_vhost.so
                                                  /home/qjt/spdk/dpdk/dpdk-19.05/x86_64-native-linuxapp-gcc/lib/librte_hash.so
                                                  /home/qjt/spdk/dpdk/dpdk-19.05/x86_64-native-linuxapp-gcc/lib/librte_ipsec.so
                                                  /home/qjt/spdk/dpdk/dpdk-19.05/x86_64-native-linuxapp-gcc/lib/librte_bpf.so
                                                  /home/qjt/spdk/dpdk/dpdk-19.05/x86_64-native-linuxapp-gcc/lib/librte_power.so
                                                  /home/qjt/spdk/dpdk/dpdk-19.05/x86_64-native-linuxapp-gcc/lib/librte_meter.so
                                                  /home/qjt/spdk/dpdk/dpdk-19.05/x86_64-native-linuxapp-gcc/lib/librte_ip_frag.so
                                                  /home/qjt/spdk/dpdk/dpdk-19.05/x86_64-native-linuxapp-gcc/lib/librte_pipeline.so
                                                  /home/qjt/spdk/dpdk/dpdk-19.05/x86_64-native-linuxapp-gcc/lib/librte_flow_classify.so
GCC_3.0                                           /usr/lib/gcc/x86_64-redhat-linux/4.8.5/libgcc_s.so
GCC_3.3                                           /usr/lib/gcc/x86_64-redhat-linux/4.8.5/libgcc_s.so
GCC_3.3.1                                         /usr/lib/gcc/x86_64-redhat-linux/4.8.5/libgcc_s.so
GCC_3.4                                           /usr/lib/gcc/x86_64-redhat-linux/4.8.5/libgcc_s.so
GCC_3.4.2                                         /usr/lib/gcc/x86_64-redhat-linux/4.8.5/libgcc_s.so
GCC_3.4.4                                         /usr/lib/gcc/x86_64-redhat-linux/4.8.5/libgcc_s.so
GCC_4.0.0                                         /usr/lib/gcc/x86_64-redhat-linux/4.8.5/libgcc_s.so
GCC_4.2.0                                         /usr/lib/gcc/x86_64-redhat-linux/4.8.5/libgcc_s.so
GCC_4.3.0                                         /usr/lib/gcc/x86_64-redhat-linux/4.8.5/libgcc_s.so
GCC_4.7.0                                         /usr/lib/gcc/x86_64-redhat-linux/4.8.5/libgcc_s.so
GCC_4.8.0                                         /usr/lib/gcc/x86_64-redhat-linux/4.8.5/libgcc_s.so
GLIBC_2.10                                        /lib64/libc.so.6
GLIBC_2.11                                        /lib64/libpthread.so.0
                                                  /lib64/libc.so.6
GLIBC_2.12                                        /lib64/libpthread.so.0
                                                  /lib64/libc.so.6
GLIBC_2.13                                        /lib64/libc.so.6
GLIBC_2.14                                        /lib64/libc.so.6
GLIBC_2.15                                        /lib64/libc.so.6
                                                  //usr/lib64/libm.so.6
GLIBC_2.16                                        /lib64/libc.so.6
GLIBC_2.17                                        /lib64/libc.so.6
GLIBC_2.2.5                                       /usr/lib/gcc/x86_64-redhat-linux/4.8.5/../../../../lib64/libdl.so
                                                  //usr/lib64/librt.so.1
                                                  //usr/lib64/libm.so.6
                                                  /lib64/ld-linux-x86-64.so.2
                                                  /lib64/libc.so.6
                                                  /lib64/libpthread.so.0
GLIBC_2.2.6                                       /lib64/libpthread.so.0
                                                  /lib64/libc.so.6
GLIBC_2.3                                         /lib64/libc.so.6
                                                  /lib64/ld-linux-x86-64.so.2
GLIBC_2.3.2                                       /lib64/libpthread.so.0
                                                  /lib64/libc.so.6
GLIBC_2.3.3                                       /usr/lib/gcc/x86_64-redhat-linux/4.8.5/../../../../lib64/libdl.so
                                                  //usr/lib64/librt.so.1
                                                  /lib64/libc.so.6
                                                  /lib64/libpthread.so.0
GLIBC_2.3.4                                       /usr/lib/gcc/x86_64-redhat-linux/4.8.5/../../../../lib64/libdl.so
                                                  //usr/lib64/librt.so.1
                                                  /lib64/libc.so.6
                                                  /lib64/libpthread.so.0
GLIBC_2.4                                         /lib64/libpthread.so.0
                                                  //usr/lib64/librt.so.1
                                                  //usr/lib64/libm.so.6
                                                  /lib64/ld-linux-x86-64.so.2
                                                  /lib64/libc.so.6
GLIBC_2.5                                         /lib64/libc.so.6
GLIBC_2.6                                         /lib64/libc.so.6
GLIBC_2.7                                         /lib64/libc.so.6
                                                  //usr/lib64/librt.so.1
GLIBC_2.8                                         /lib64/libc.so.6
GLIBC_2.9                                         /lib64/libc.so.6
GLIBC_PRIVATE                                     /usr/lib/gcc/x86_64-redhat-linux/4.8.5/../../../../lib64/libdl.so
                                                  /lib64/ld-linux-x86-64.so.2
                                                  /lib64/libc.so.6
                                                  /lib64/libpthread.so.0
_DYNAMIC                                          /usr/lib/gcc/x86_64-redhat-linux/4.8.5/../../../../lib64/crt1.o
_Exit                                             /lib64/libc.so.6
_Exit@@GLIBC_2.2.5                                /lib64/libc.so.6
_Exit@GLIBC_2.2.5                                 /lib64/libc.so.6
_GLOBAL_OFFSET_TABLE_                             /usr/lib/gcc/x86_64-redhat-linux/4.8.5/../../../../lib64/crt1.o
                                                  /usr/lib64/libc_nonshared.a(elf-init.oS)
                                                  main.o
                                                  /usr/lib/gcc/x86_64-redhat-linux/4.8.5/../../../../lib64/crti.o
_IO_fprintf                                       /lib64/libc.so.6
_IO_fprintf@@GLIBC_2.2.5                          /lib64/libc.so.6
_IO_fprintf@GLIBC_2.2.5                           /lib64/libc.so.6
_IO_stdin_used                                    /usr/lib/gcc/x86_64-redhat-linux/4.8.5/../../../../lib64/crt1.o
_ITM_deregisterTMCloneTable                       //usr/lib64/librt.so.1
                                                  //usr/lib64/libnuma.so.1
                                                  //usr/lib64/libm.so.6
                                                  /lib64/libpthread.so.0
                                                  /usr/lib/gcc/x86_64-redhat-linux/4.8.5/../../../../lib64/libdl.so
                                                  /usr/lib/gcc/x86_64-redhat-linux/4.8.5/libgcc_s.so
                                                  /home/qjt/spdk/dpdk/dpdk-19.05/x86_64-native-linuxapp-gcc/lib/librte_bus_fslmc.so
                                                  /home/qjt/spdk/dpdk/dpdk-19.05/x86_64-native-linuxapp-gcc/lib/librte_bus_dpaa.so
                                                  /home/qjt/spdk/dpdk/dpdk-19.05/x86_64-native-linuxapp-gcc/lib/librte_bus_vdev.so
                                                  /home/qjt/spdk/dpdk/dpdk-19.05/x86_64-native-linuxapp-gcc/lib/librte_bus_pci.so
                                                  /home/qjt/spdk/dpdk/dpdk-19.05/x86_64-native-linuxapp-gcc/lib/librte_common_dpaax.so
                                                  /home/qjt/spdk/dpdk/dpdk-19.05/x86_64-native-linuxapp-gcc/lib/librte_common_octeontx.so
                                                  /home/qjt/spdk/dpdk/dpdk-19.05/x86_64-native-linuxapp-gcc/lib/librte_common_cpt.so
                                                  /home/qjt/spdk/dpdk/dpdk-19.05/x86_64-native-linuxapp-gcc/lib/librte_kni.so
                                                  /home/qjt/spdk/dpdk/dpdk-19.05/x86_64-native-linuxapp-gcc/lib/librte_rcu.so
                                                  /home/qjt/spdk/dpdk/dpdk-19.05/x86_64-native-linuxapp-gcc/lib/librte_sched.so
                                                  /home/qjt/spdk/dpdk/dpdk-19.05/x86_64-native-linuxapp-gcc/lib/librte_reorder.so
                                                  /home/qjt/spdk/dpdk/dpdk-19.05/x86_64-native-linuxapp-gcc/lib/librte_cmdline.so
                                                  /home/qjt/spdk/dpdk/dpdk-19.05/x86_64-native-linuxapp-gcc/lib/librte_eal.so
                                                  /home/qjt/spdk/dpdk/dpdk-19.05/x86_64-native-linuxapp-gcc/lib/librte_pci.so
                                                  /home/qjt/spdk/dpdk/dpdk-19.05/x86_64-native-linuxapp-gcc/lib/librte_ring.so
                                                  /home/qjt/spdk/dpdk/dpdk-19.05/x86_64-native-linuxapp-gcc/lib/librte_mempool_ring.so
                                                  /home/qjt/spdk/dpdk/dpdk-19.05/x86_64-native-linuxapp-gcc/lib/librte_stack.so
                                                  /home/qjt/spdk/dpdk/dpdk-19.05/x86_64-native-linuxapp-gcc/lib/librte_mempool.so
                                                  /home/qjt/spdk/dpdk/dpdk-19.05/x86_64-native-linuxapp-gcc/lib/librte_timer.so
                                                  /home/qjt/spdk/dpdk/dpdk-19.05/x86_64-native-linuxapp-gcc/lib/librte_rawdev.so
                                                  /home/qjt/spdk/dpdk/dpdk-19.05/x86_64-native-linuxapp-gcc/lib/librte_eventdev.so
                                                  /home/qjt/spdk/dpdk/dpdk-19.05/x86_64-native-linuxapp-gcc/lib/librte_compressdev.so
                                                  /home/qjt/spdk/dpdk/dpdk-19.05/x86_64-native-linuxapp-gcc/lib/librte_security.so
                                                  /home/qjt/spdk/dpdk/dpdk-19.05/x86_64-native-linuxapp-gcc/lib/librte_cryptodev.so
                                                  /home/qjt/spdk/dpdk/dpdk-19.05/x86_64-native-linuxapp-gcc/lib/librte_bbdev.so
                                                  /home/qjt/spdk/dpdk/dpdk-19.05/x86_64-native-linuxapp-gcc/lib/librte_ethdev.so
                                                  /home/qjt/spdk/dpdk/dpdk-19.05/x86_64-native-linuxapp-gcc/lib/librte_net.so
                                                  /home/qjt/spdk/dpdk/dpdk-19.05/x86_64-native-linuxapp-gcc/lib/librte_mbuf.so
                                                  /home/qjt/spdk/dpdk/dpdk-19.05/x86_64-native-linuxapp-gcc/lib/librte_kvargs.so
                                                  /home/qjt/spdk/dpdk/dpdk-19.05/x86_64-native-linuxapp-gcc/lib/librte_vhost.so
                                                  /home/qjt/spdk/dpdk/dpdk-19.05/x86_64-native-linuxapp-gcc/lib/librte_member.so
                                                  /home/qjt/spdk/dpdk/dpdk-19.05/x86_64-native-linuxapp-gcc/lib/librte_hash.so
                                                  /home/qjt/spdk/dpdk/dpdk-19.05/x86_64-native-linuxapp-gcc/lib/librte_gso.so
                                                  /home/qjt/spdk/dpdk/dpdk-19.05/x86_64-native-linuxapp-gcc/lib/librte_gro.so
                                                  /home/qjt/spdk/dpdk/dpdk-19.05/x86_64-native-linuxapp-gcc/lib/librte_cfgfile.so
                                                  /home/qjt/spdk/dpdk/dpdk-19.05/x86_64-native-linuxapp-gcc/lib/librte_ipsec.so
                                                  /home/qjt/spdk/dpdk/dpdk-19.05/x86_64-native-linuxapp-gcc/lib/librte_bpf.so
                                                  /home/qjt/spdk/dpdk/dpdk-19.05/x86_64-native-linuxapp-gcc/lib/librte_efd.so
                                                  /home/qjt/spdk/dpdk/dpdk-19.05/x86_64-native-linuxapp-gcc/lib/librte_power.so
                                                  /home/qjt/spdk/dpdk/dpdk-19.05/x86_64-native-linuxapp-gcc/lib/librte_latencystats.so
                                                  /home/qjt/spdk/dpdk/dpdk-19.05/x86_64-native-linuxapp-gcc/lib/librte_bitratestats.so
                                                  /home/qjt/spdk/dpdk/dpdk-19.05/x86_64-native-linuxapp-gcc/lib/librte_metrics.so
                                                  /home/qjt/spdk/dpdk/dpdk-19.05/x86_64-native-linuxapp-gcc/lib/librte_jobstats.so
                                                  /home/qjt/spdk/dpdk/dpdk-19.05/x86_64-native-linuxapp-gcc/lib/librte_acl.so
                                                  /home/qjt/spdk/dpdk/dpdk-19.05/x86_64-native-linuxapp-gcc/lib/librte_lpm.so
                                                  /home/qjt/spdk/dpdk/dpdk-19.05/x86_64-native-linuxapp-gcc/lib/librte_meter.so
                                                  /home/qjt/spdk/dpdk/dpdk-19.05/x86_64-native-linuxapp-gcc/lib/librte_ip_frag.so
                                                  /home/qjt/spdk/dpdk/dpdk-19.05/x86_64-native-linuxapp-gcc/lib/librte_distributor.so
                                                  /home/qjt/spdk/dpdk/dpdk-19.05/x86_64-native-linuxapp-gcc/lib/librte_pdump.so
                                                  /home/qjt/spdk/dpdk/dpdk-19.05/x86_64-native-linuxapp-gcc/lib/librte_port.so
                                                  /home/qjt/spdk/dpdk/dpdk-19.05/x86_64-native-linuxapp-gcc/lib/librte_table.so
                                                  /home/qjt/spdk/dpdk/dpdk-19.05/x86_64-native-linuxapp-gcc/lib/librte_pipeline.so
                                                  /home/qjt/spdk/dpdk/dpdk-19.05/x86_64-native-linuxapp-gcc/lib/librte_flow_classify.so
                                                  /home/qjt/spdk/dpdk/dpdk-19.05/x86_64-native-linuxapp-gcc/lib/librte_pmd_ixgbe.so
                                                  /home/qjt/spdk/dpdk/dpdk-19.05/x86_64-native-linuxapp-gcc/lib/librte_pmd_i40e.so
                                                  /home/qjt/spdk/dpdk/dpdk-19.05/x86_64-native-linuxapp-gcc/lib/librte_pmd_e1000.so
                                                  /usr/lib/gcc/x86_64-redhat-linux/4.8.5/crtbegin.o
_ITM_registerTMCloneTable                         //usr/lib64/librt.so.1
                                                  //usr/lib64/libnuma.so.1
                                                  //usr/lib64/libm.so.6
                                                  /lib64/libpthread.so.0
                                                  /usr/lib/gcc/x86_64-redhat-linux/4.8.5/../../../../lib64/libdl.so
                                                  /usr/lib/gcc/x86_64-redhat-linux/4.8.5/libgcc_s.so
                                                  /home/qjt/spdk/dpdk/dpdk-19.05/x86_64-native-linuxapp-gcc/lib/librte_bus_fslmc.so
                                                  /home/qjt/spdk/dpdk/dpdk-19.05/x86_64-native-linuxapp-gcc/lib/librte_bus_dpaa.so
                                                  /home/qjt/spdk/dpdk/dpdk-19.05/x86_64-native-linuxapp-gcc/lib/librte_bus_vdev.so
                                                  /home/qjt/spdk/dpdk/dpdk-19.05/x86_64-native-linuxapp-gcc/lib/librte_bus_pci.so
                                                  /home/qjt/spdk/dpdk/dpdk-19.05/x86_64-native-linuxapp-gcc/lib/librte_common_dpaax.so
                                                  /home/qjt/spdk/dpdk/dpdk-19.05/x86_64-native-linuxapp-gcc/lib/librte_common_octeontx.so
                                                  /home/qjt/spdk/dpdk/dpdk-19.05/x86_64-native-linuxapp-gcc/lib/librte_common_cpt.so
                                                  /home/qjt/spdk/dpdk/dpdk-19.05/x86_64-native-linuxapp-gcc/lib/librte_kni.so
                                                  /home/qjt/spdk/dpdk/dpdk-19.05/x86_64-native-linuxapp-gcc/lib/librte_rcu.so
                                                  /home/qjt/spdk/dpdk/dpdk-19.05/x86_64-native-linuxapp-gcc/lib/librte_sched.so
                                                  /home/qjt/spdk/dpdk/dpdk-19.05/x86_64-native-linuxapp-gcc/lib/librte_reorder.so
                                                  /home/qjt/spdk/dpdk/dpdk-19.05/x86_64-native-linuxapp-gcc/lib/librte_cmdline.so
                                                  /home/qjt/spdk/dpdk/dpdk-19.05/x86_64-native-linuxapp-gcc/lib/librte_eal.so
                                                  /home/qjt/spdk/dpdk/dpdk-19.05/x86_64-native-linuxapp-gcc/lib/librte_pci.so
                                                  /home/qjt/spdk/dpdk/dpdk-19.05/x86_64-native-linuxapp-gcc/lib/librte_ring.so
                                                  /home/qjt/spdk/dpdk/dpdk-19.05/x86_64-native-linuxapp-gcc/lib/librte_mempool_ring.so
                                                  /home/qjt/spdk/dpdk/dpdk-19.05/x86_64-native-linuxapp-gcc/lib/librte_stack.so
                                                  /home/qjt/spdk/dpdk/dpdk-19.05/x86_64-native-linuxapp-gcc/lib/librte_mempool.so
                                                  /home/qjt/spdk/dpdk/dpdk-19.05/x86_64-native-linuxapp-gcc/lib/librte_timer.so
                                                  /home/qjt/spdk/dpdk/dpdk-19.05/x86_64-native-linuxapp-gcc/lib/librte_rawdev.so
                                                  /home/qjt/spdk/dpdk/dpdk-19.05/x86_64-native-linuxapp-gcc/lib/librte_eventdev.so
                                                  /home/qjt/spdk/dpdk/dpdk-19.05/x86_64-native-linuxapp-gcc/lib/librte_compressdev.so
                                                  /home/qjt/spdk/dpdk/dpdk-19.05/x86_64-native-linuxapp-gcc/lib/librte_security.so
                                                  /home/qjt/spdk/dpdk/dpdk-19.05/x86_64-native-linuxapp-gcc/lib/librte_cryptodev.so
                                                  /home/qjt/spdk/dpdk/dpdk-19.05/x86_64-native-linuxapp-gcc/lib/librte_bbdev.so
                                                  /home/qjt/spdk/dpdk/dpdk-19.05/x86_64-native-linuxapp-gcc/lib/librte_ethdev.so
                                                  /home/qjt/spdk/dpdk/dpdk-19.05/x86_64-native-linuxapp-gcc/lib/librte_net.so
                                                  /home/qjt/spdk/dpdk/dpdk-19.05/x86_64-native-linuxapp-gcc/lib/librte_mbuf.so
                                                  /home/qjt/spdk/dpdk/dpdk-19.05/x86_64-native-linuxapp-gcc/lib/librte_kvargs.so
                                                  /home/qjt/spdk/dpdk/dpdk-19.05/x86_64-native-linuxapp-gcc/lib/librte_vhost.so
                                                  /home/qjt/spdk/dpdk/dpdk-19.05/x86_64-native-linuxapp-gcc/lib/librte_member.so
                                                  /home/qjt/spdk/dpdk/dpdk-19.05/x86_64-native-linuxapp-gcc/lib/librte_hash.so
                                                  /home/qjt/spdk/dpdk/dpdk-19.05/x86_64-native-linuxapp-gcc/lib/librte_gso.so
                                                  /home/qjt/spdk/dpdk/dpdk-19.05/x86_64-native-linuxapp-gcc/lib/librte_gro.so
                                                  /home/qjt/spdk/dpdk/dpdk-19.05/x86_64-native-linuxapp-gcc/lib/librte_cfgfile.so
                                                  /home/qjt/spdk/dpdk/dpdk-19.05/x86_64-native-linuxapp-gcc/lib/librte_ipsec.so
                                                  /home/qjt/spdk/dpdk/dpdk-19.05/x86_64-native-linuxapp-gcc/lib/librte_bpf.so
                                                  /home/qjt/spdk/dpdk/dpdk-19.05/x86_64-native-linuxapp-gcc/lib/librte_efd.so
                                                  /home/qjt/spdk/dpdk/dpdk-19.05/x86_64-native-linuxapp-gcc/lib/librte_power.so
                                                  /home/qjt/spdk/dpdk/dpdk-19.05/x86_64-native-linuxapp-gcc/lib/librte_latencystats.so
                                                  /home/qjt/spdk/dpdk/dpdk-19.05/x86_64-native-linuxapp-gcc/lib/librte_bitratestats.so
                                                  /home/qjt/spdk/dpdk/dpdk-19.05/x86_64-native-linuxapp-gcc/lib/librte_metrics.so
                                                  /home/qjt/spdk/dpdk/dpdk-19.05/x86_64-native-linuxapp-gcc/lib/librte_jobstats.so
                                                  /home/qjt/spdk/dpdk/dpdk-19.05/x86_64-native-linuxapp-gcc/lib/librte_acl.so
                                                  /home/qjt/spdk/dpdk/dpdk-19.05/x86_64-native-linuxapp-gcc/lib/librte_lpm.so
                                                  /home/qjt/spdk/dpdk/dpdk-19.05/x86_64-native-linuxapp-gcc/lib/librte_meter.so
                                                  /home/qjt/spdk/dpdk/dpdk-19.05/x86_64-native-linuxapp-gcc/lib/librte_ip_frag.so
                                                  /home/qjt/spdk/dpdk/dpdk-19.05/x86_64-native-linuxapp-gcc/lib/librte_distributor.so
                                                  /home/qjt/spdk/dpdk/dpdk-19.05/x86_64-native-linuxapp-gcc/lib/librte_pdump.so
                                                  /home/qjt/spdk/dpdk/dpdk-19.05/x86_64-native-linuxapp-gcc/lib/librte_port.so
                                                  /home/qjt/spdk/dpdk/dpdk-19.05/x86_64-native-linuxapp-gcc/lib/librte_table.so
                                                  /home/qjt/spdk/dpdk/dpdk-19.05/x86_64-native-linuxapp-gcc/lib/librte_pipeline.so
                                                  /home/qjt/spdk/dpdk/dpdk-19.05/x86_64-native-linuxapp-gcc/lib/librte_flow_classify.so
                                                  /home/qjt/spdk/dpdk/dpdk-19.05/x86_64-native-linuxapp-gcc/lib/librte_pmd_ixgbe.so
                                                  /home/qjt/spdk/dpdk/dpdk-19.05/x86_64-native-linuxapp-gcc/lib/librte_pmd_i40e.so
                                                  /home/qjt/spdk/dpdk/dpdk-19.05/x86_64-native-linuxapp-gcc/lib/librte_pmd_e1000.so
                                                  /usr/lib/gcc/x86_64-redhat-linux/4.8.5/crtbegin.o
_Jv_RegisterClasses                               //usr/lib64/librt.so.1
                                                  //usr/lib64/libnuma.so.1
                                                  //usr/lib64/libm.so.6
                                                  /lib64/libpthread.so.0
                                                  /usr/lib/gcc/x86_64-redhat-linux/4.8.5/../../../../lib64/libdl.so
                                                  /usr/lib/gcc/x86_64-redhat-linux/4.8.5/libgcc_s.so
                                                  /home/qjt/spdk/dpdk/dpdk-19.05/x86_64-native-linuxapp-gcc/lib/librte_bus_fslmc.so
                                                  /home/qjt/spdk/dpdk/dpdk-19.05/x86_64-native-linuxapp-gcc/lib/librte_bus_dpaa.so
                                                  /home/qjt/spdk/dpdk/dpdk-19.05/x86_64-native-linuxapp-gcc/lib/librte_bus_vdev.so
                                                  /home/qjt/spdk/dpdk/dpdk-19.05/x86_64-native-linuxapp-gcc/lib/librte_bus_pci.so
                                                  /home/qjt/spdk/dpdk/dpdk-19.05/x86_64-native-linuxapp-gcc/lib/librte_common_dpaax.so
                                                  /home/qjt/spdk/dpdk/dpdk-19.05/x86_64-native-linuxapp-gcc/lib/librte_common_octeontx.so
                                                  /home/qjt/spdk/dpdk/dpdk-19.05/x86_64-native-linuxapp-gcc/lib/librte_common_cpt.so
                                                  /home/qjt/spdk/dpdk/dpdk-19.05/x86_64-native-linuxapp-gcc/lib/librte_kni.so
                                                  /home/qjt/spdk/dpdk/dpdk-19.05/x86_64-native-linuxapp-gcc/lib/librte_rcu.so
                                                  /home/qjt/spdk/dpdk/dpdk-19.05/x86_64-native-linuxapp-gcc/lib/librte_sched.so
                                                  /home/qjt/spdk/dpdk/dpdk-19.05/x86_64-native-linuxapp-gcc/lib/librte_reorder.so
                                                  /home/qjt/spdk/dpdk/dpdk-19.05/x86_64-native-linuxapp-gcc/lib/librte_cmdline.so
                                                  /home/qjt/spdk/dpdk/dpdk-19.05/x86_64-native-linuxapp-gcc/lib/librte_eal.so
                                                  /home/qjt/spdk/dpdk/dpdk-19.05/x86_64-native-linuxapp-gcc/lib/librte_pci.so
                                                  /home/qjt/spdk/dpdk/dpdk-19.05/x86_64-native-linuxapp-gcc/lib/librte_ring.so
                                                  /home/qjt/spdk/dpdk/dpdk-19.05/x86_64-native-linuxapp-gcc/lib/librte_mempool_ring.so
                                                  /home/qjt/spdk/dpdk/dpdk-19.05/x86_64-native-linuxapp-gcc/lib/librte_stack.so
                                                  /home/qjt/spdk/dpdk/dpdk-19.05/x86_64-native-linuxapp-gcc/lib/librte_mempool.so
                                                  /home/qjt/spdk/dpdk/dpdk-19.05/x86_64-native-linuxapp-gcc/lib/librte_timer.so
                                                  /home/qjt/spdk/dpdk/dpdk-19.05/x86_64-native-linuxapp-gcc/lib/librte_rawdev.so
                                                  /home/qjt/spdk/dpdk/dpdk-19.05/x86_64-native-linuxapp-gcc/lib/librte_eventdev.so
                                                  /home/qjt/spdk/dpdk/dpdk-19.05/x86_64-native-linuxapp-gcc/lib/librte_compressdev.so
                                                  /home/qjt/spdk/dpdk/dpdk-19.05/x86_64-native-linuxapp-gcc/lib/librte_security.so
                                                  /home/qjt/spdk/dpdk/dpdk-19.05/x86_64-native-linuxapp-gcc/lib/librte_cryptodev.so
                                                  /home/qjt/spdk/dpdk/dpdk-19.05/x86_64-native-linuxapp-gcc/lib/librte_bbdev.so
                                                  /home/qjt/spdk/dpdk/dpdk-19.05/x86_64-native-linuxapp-gcc/lib/librte_ethdev.so
                                                  /home/qjt/spdk/dpdk/dpdk-19.05/x86_64-native-linuxapp-gcc/lib/librte_net.so
                                                  /home/qjt/spdk/dpdk/dpdk-19.05/x86_64-native-linuxapp-gcc/lib/librte_mbuf.so
                                                  /home/qjt/spdk/dpdk/dpdk-19.05/x86_64-native-linuxapp-gcc/lib/librte_kvargs.so
                                                  /home/qjt/spdk/dpdk/dpdk-19.05/x86_64-native-linuxapp-gcc/lib/librte_vhost.so
                                                  /home/qjt/spdk/dpdk/dpdk-19.05/x86_64-native-linuxapp-gcc/lib/librte_member.so
                                                  /home/qjt/spdk/dpdk/dpdk-19.05/x86_64-native-linuxapp-gcc/lib/librte_hash.so
                                                  /home/qjt/spdk/dpdk/dpdk-19.05/x86_64-native-linuxapp-gcc/lib/librte_gso.so
                                                  /home/qjt/spdk/dpdk/dpdk-19.05/x86_64-native-linuxapp-gcc/lib/librte_gro.so
                                                  /home/qjt/spdk/dpdk/dpdk-19.05/x86_64-native-linuxapp-gcc/lib/librte_cfgfile.so
                                                  /home/qjt/spdk/dpdk/dpdk-19.05/x86_64-native-linuxapp-gcc/lib/librte_ipsec.so
                                                  /home/qjt/spdk/dpdk/dpdk-19.05/x86_64-native-linuxapp-gcc/lib/librte_bpf.so
                                                  /home/qjt/spdk/dpdk/dpdk-19.05/x86_64-native-linuxapp-gcc/lib/librte_efd.so
                                                  /home/qjt/spdk/dpdk/dpdk-19.05/x86_64-native-linuxapp-gcc/lib/librte_power.so
                                                  /home/qjt/spdk/dpdk/dpdk-19.05/x86_64-native-linuxapp-gcc/lib/librte_latencystats.so
                                                  /home/qjt/spdk/dpdk/dpdk-19.05/x86_64-native-linuxapp-gcc/lib/librte_bitratestats.so
                                                  /home/qjt/spdk/dpdk/dpdk-19.05/x86_64-native-linuxapp-gcc/lib/librte_metrics.so
                                                  /home/qjt/spdk/dpdk/dpdk-19.05/x86_64-native-linuxapp-gcc/lib/librte_jobstats.so
                                                  /home/qjt/spdk/dpdk/dpdk-19.05/x86_64-native-linuxapp-gcc/lib/librte_acl.so
                                                  /home/qjt/spdk/dpdk/dpdk-19.05/x86_64-native-linuxapp-gcc/lib/librte_lpm.so
                                                  /home/qjt/spdk/dpdk/dpdk-19.05/x86_64-native-linuxapp-gcc/lib/librte_meter.so
                                                  /home/qjt/spdk/dpdk/dpdk-19.05/x86_64-native-linuxapp-gcc/lib/librte_ip_frag.so
                                                  /home/qjt/spdk/dpdk/dpdk-19.05/x86_64-native-linuxapp-gcc/lib/librte_distributor.so
                                                  /home/qjt/spdk/dpdk/dpdk-19.05/x86_64-native-linuxapp-gcc/lib/librte_pdump.so
                                                  /home/qjt/spdk/dpdk/dpdk-19.05/x86_64-native-linuxapp-gcc/lib/librte_port.so
                                                  /home/qjt/spdk/dpdk/dpdk-19.05/x86_64-native-linuxapp-gcc/lib/librte_table.so
                                                  /home/qjt/spdk/dpdk/dpdk-19.05/x86_64-native-linuxapp-gcc/lib/librte_pipeline.so
                                                  /home/qjt/spdk/dpdk/dpdk-19.05/x86_64-native-linuxapp-gcc/lib/librte_flow_classify.so
                                                  /home/qjt/spdk/dpdk/dpdk-19.05/x86_64-native-linuxapp-gcc/lib/librte_pmd_ixgbe.so
                                                  /home/qjt/spdk/dpdk/dpdk-19.05/x86_64-native-linuxapp-gcc/lib/librte_pmd_i40e.so
                                                  /home/qjt/spdk/dpdk/dpdk-19.05/x86_64-native-linuxapp-gcc/lib/librte_pmd_e1000.so
                                                  /usr/lib/gcc/x86_64-redhat-linux/4.8.5/crtbegin.o
__GNU_EH_FRAME_HDR                                main
__TMC_END__                                       /usr/lib/gcc/x86_64-redhat-linux/4.8.5/crtend.o
                                                  /usr/lib/gcc/x86_64-redhat-linux/4.8.5/crtbegin.o
__after_morecore_hook                             /lib64/libc.so.6
__after_morecore_hook@@GLIBC_2.2.5                /lib64/libc.so.6
__after_morecore_hook@GLIBC_2.2.5                 /lib64/libc.so.6
__bss_start                                       /home/qjt/spdk/dpdk/dpdk-19.05/x86_64-native-linuxapp-gcc/lib/librte_common_cpt.so
                                                  /home/qjt/spdk/dpdk/dpdk-19.05/x86_64-native-linuxapp-gcc/lib/librte_common_octeontx.so
__close                                           /lib64/libpthread.so.0
__close@@GLIBC_2.2.5                              /lib64/libpthread.so.0
                                                  /lib64/libc.so.6
__close@GLIBC_2.2.5                               /lib64/libpthread.so.0
__connect                                         /lib64/libpthread.so.0
__connect@@GLIBC_2.2.5                            /lib64/libpthread.so.0
                                                  /lib64/libc.so.6
__connect@GLIBC_2.2.5                             /lib64/libpthread.so.0
__ctype_get_mb_cur_max                            /lib64/libc.so.6
__ctype_get_mb_cur_max@@GLIBC_2.2.5               /lib64/libc.so.6
__ctype_get_mb_cur_max@GLIBC_2.2.5                /lib64/libc.so.6
__data_start                                      /usr/lib/gcc/x86_64-redhat-linux/4.8.5/../../../../lib64/crt1.o
__dso_handle                                      /usr/lib/gcc/x86_64-redhat-linux/4.8.5/crtbegin.o
__fcntl                                           /lib64/libpthread.so.0
__fcntl@@GLIBC_2.2.5                              /lib64/libpthread.so.0
                                                  /lib64/libc.so.6
__fcntl@GLIBC_2.2.5                               /lib64/libpthread.so.0
__free_hook                                       /lib64/libc.so.6
__free_hook@@GLIBC_2.2.5                          /lib64/libc.so.6
__free_hook@GLIBC_2.2.5                           /lib64/libc.so.6
__getdelim                                        /lib64/libc.so.6
__getdelim@@GLIBC_2.2.5                           /lib64/libc.so.6
__getdelim@GLIBC_2.2.5                            /lib64/libc.so.6
                                                  //usr/lib64/libnuma.so.1
                                                  /lib64/libpthread.so.0
                                                  /home/qjt/spdk/dpdk/dpdk-19.05/x86_64-native-linuxapp-gcc/lib/librte_bus_fslmc.so
__gmon_start__                                    //usr/lib64/librt.so.1
                                                  //usr/lib64/libnuma.so.1
                                                  //usr/lib64/libm.so.6
                                                  /usr/lib/gcc/x86_64-redhat-linux/4.8.5/../../../../lib64/libdl.so
                                                  /usr/lib/gcc/x86_64-redhat-linux/4.8.5/libgcc_s.so
                                                  /home/qjt/spdk/dpdk/dpdk-19.05/x86_64-native-linuxapp-gcc/lib/librte_bus_fslmc.so
                                                  /home/qjt/spdk/dpdk/dpdk-19.05/x86_64-native-linuxapp-gcc/lib/librte_bus_dpaa.so
                                                  /home/qjt/spdk/dpdk/dpdk-19.05/x86_64-native-linuxapp-gcc/lib/librte_bus_vdev.so
                                                  /home/qjt/spdk/dpdk/dpdk-19.05/x86_64-native-linuxapp-gcc/lib/librte_bus_pci.so
                                                  /home/qjt/spdk/dpdk/dpdk-19.05/x86_64-native-linuxapp-gcc/lib/librte_common_dpaax.so
                                                  /home/qjt/spdk/dpdk/dpdk-19.05/x86_64-native-linuxapp-gcc/lib/librte_common_octeontx.so
                                                  /home/qjt/spdk/dpdk/dpdk-19.05/x86_64-native-linuxapp-gcc/lib/librte_common_cpt.so
                                                  /home/qjt/spdk/dpdk/dpdk-19.05/x86_64-native-linuxapp-gcc/lib/librte_kni.so
                                                  /home/qjt/spdk/dpdk/dpdk-19.05/x86_64-native-linuxapp-gcc/lib/librte_rcu.so
                                                  /home/qjt/spdk/dpdk/dpdk-19.05/x86_64-native-linuxapp-gcc/lib/librte_sched.so
                                                  /home/qjt/spdk/dpdk/dpdk-19.05/x86_64-native-linuxapp-gcc/lib/librte_reorder.so
                                                  /home/qjt/spdk/dpdk/dpdk-19.05/x86_64-native-linuxapp-gcc/lib/librte_cmdline.so
[...]
tmpfile64                                         /lib64/libc.so.6
tmpfile64@@GLIBC_2.2.5                            /lib64/libc.so.6
tmpfile64@GLIBC_2.2.5                             /lib64/libc.so.6
tolower_l                                         /lib64/libc.so.6
tolower_l@@GLIBC_2.3                              /lib64/libc.so.6
tolower_l@GLIBC_2.3                               /lib64/libc.so.6
toupper_l                                         /lib64/libc.so.6
toupper_l@@GLIBC_2.3                              /lib64/libc.so.6
toupper_l@GLIBC_2.3                               /lib64/libc.so.6
towctrans                                         /lib64/libc.so.6
towctrans@@GLIBC_2.2.5                            /lib64/libc.so.6
towctrans@GLIBC_2.2.5                             /lib64/libc.so.6
towctrans_l                                       /lib64/libc.so.6
towctrans_l@@GLIBC_2.3                            /lib64/libc.so.6
towctrans_l@GLIBC_2.3                             /lib64/libc.so.6
towlower_l                                        /lib64/libc.so.6
towlower_l@@GLIBC_2.3                             /lib64/libc.so.6
towlower_l@GLIBC_2.3                              /lib64/libc.so.6
towupper_l                                        /lib64/libc.so.6
towupper_l@@GLIBC_2.3                             /lib64/libc.so.6
towupper_l@GLIBC_2.3                              /lib64/libc.so.6
trunc                                             //usr/lib64/libm.so.6
trunc@@GLIBC_2.2.5                                //usr/lib64/libm.so.6
trunc@GLIBC_2.2.5                                 //usr/lib64/libm.so.6
truncate64                                        /lib64/libc.so.6
truncate64@@GLIBC_2.2.5                           /lib64/libc.so.6
truncate64@GLIBC_2.2.5                            /lib64/libc.so.6
truncf                                            //usr/lib64/libm.so.6
truncf@@GLIBC_2.2.5                               //usr/lib64/libm.so.6
truncf@GLIBC_2.2.5                                //usr/lib64/libm.so.6
truncl                                            //usr/lib64/libm.so.6
truncl@@GLIBC_2.2.5                               //usr/lib64/libm.so.6
truncl@GLIBC_2.2.5                                //usr/lib64/libm.so.6
tsearch                                           /lib64/libc.so.6
tsearch@@GLIBC_2.2.5                              /lib64/libc.so.6
tsearch@GLIBC_2.2.5                               /lib64/libc.so.6
                                                  /lib64/libpthread.so.0
ttyname_r                                         /lib64/libc.so.6
ttyname_r@@GLIBC_2.2.5                            /lib64/libc.so.6
ttyname_r@GLIBC_2.2.5                             /lib64/libc.so.6
twalk                                             /lib64/libc.so.6
twalk@@GLIBC_2.2.5                                /lib64/libc.so.6
twalk@GLIBC_2.2.5                                 /lib64/libc.so.6
                                                  /lib64/libpthread.so.0
tzname                                            /lib64/libc.so.6
tzname@@GLIBC_2.2.5                               /lib64/libc.so.6
tzname@GLIBC_2.2.5                                /lib64/libc.so.6
tzset                                             /lib64/libc.so.6
tzset@@GLIBC_2.2.5                                /lib64/libc.so.6
tzset@GLIBC_2.2.5                                 /lib64/libc.so.6
ulckpwdf                                          /lib64/libc.so.6
ulckpwdf@@GLIBC_2.2.5                             /lib64/libc.so.6
ulckpwdf@GLIBC_2.2.5                              /lib64/libc.so.6
ulimit                                            /lib64/libc.so.6
ulimit@@GLIBC_2.2.5                               /lib64/libc.so.6
ulimit@GLIBC_2.2.5                                /lib64/libc.so.6
umask                                             /lib64/libc.so.6
umask@@GLIBC_2.2.5                                /lib64/libc.so.6
umask@GLIBC_2.2.5                                 /lib64/libc.so.6
umount                                            /lib64/libc.so.6
umount2                                           /lib64/libc.so.6
umount2@@GLIBC_2.2.5                              /lib64/libc.so.6
umount2@GLIBC_2.2.5                               /lib64/libc.so.6
umount@@GLIBC_2.2.5                               /lib64/libc.so.6
umount@GLIBC_2.2.5                                /lib64/libc.so.6
uname                                             /lib64/libc.so.6
uname@@GLIBC_2.2.5                                /lib64/libc.so.6
uname@GLIBC_2.2.5                                 /lib64/libc.so.6
ungetc                                            /lib64/libc.so.6
ungetc@@GLIBC_2.2.5                               /lib64/libc.so.6
ungetc@GLIBC_2.2.5                                /lib64/libc.so.6
unlink                                            /lib64/libc.so.6
unlink@@GLIBC_2.2.5                               /lib64/libc.so.6
unlink@GLIBC_2.2.5                                /lib64/libc.so.6
                                                  //usr/lib64/librt.so.1
                                                  /lib64/libpthread.so.0
                                                  /home/qjt/spdk/dpdk/dpdk-19.05/x86_64-native-linuxapp-gcc/lib/librte_eal.so
                                                  /home/qjt/spdk/dpdk/dpdk-19.05/x86_64-native-linuxapp-gcc/lib/librte_vhost.so
unsetenv                                          /lib64/libc.so.6
unsetenv@@GLIBC_2.2.5                             /lib64/libc.so.6
unsetenv@GLIBC_2.2.5                              /lib64/libc.so.6
updwtmp                                           /lib64/libc.so.6
updwtmp@@GLIBC_2.2.5                              /lib64/libc.so.6
updwtmp@GLIBC_2.2.5                               /lib64/libc.so.6
uselocale                                         /lib64/libc.so.6
uselocale@@GLIBC_2.3                              /lib64/libc.so.6
uselocale@GLIBC_2.3                               /lib64/libc.so.6
utimes                                            /lib64/libc.so.6
utimes@@GLIBC_2.2.5                               /lib64/libc.so.6
utimes@GLIBC_2.2.5                                /lib64/libc.so.6
utmpname                                          /lib64/libc.so.6
utmpname@@GLIBC_2.2.5                             /lib64/libc.so.6
utmpname@GLIBC_2.2.5                              /lib64/libc.so.6
valloc                                            /lib64/libc.so.6
valloc@@GLIBC_2.2.5                               /lib64/libc.so.6
valloc@GLIBC_2.2.5                                /lib64/libc.so.6
vasprintf                                         /lib64/libc.so.6
vasprintf@@GLIBC_2.2.5                            /lib64/libc.so.6
vasprintf@GLIBC_2.2.5                             /lib64/libc.so.6
vdprintf                                          /lib64/libc.so.6
vdprintf@@GLIBC_2.2.5                             /lib64/libc.so.6
vdprintf@GLIBC_2.2.5                              /lib64/libc.so.6
                                                  /home/qjt/spdk/dpdk/dpdk-19.05/x86_64-native-linuxapp-gcc/lib/librte_cmdline.so
versionsort64                                     /lib64/libc.so.6
versionsort64@@GLIBC_2.2.5                        /lib64/libc.so.6
versionsort64@GLIBC_2.2.5                         /lib64/libc.so.6
vfork                                             /lib64/libpthread.so.0
vfork@@GLIBC_2.2.5                                /lib64/libpthread.so.0
                                                  /lib64/libc.so.6
vfork@GLIBC_2.2.5                                 /lib64/libpthread.so.0
vfscanf                                           /lib64/libc.so.6
vfscanf@@GLIBC_2.2.5                              /lib64/libc.so.6
vfscanf@GLIBC_2.2.5                               /lib64/libc.so.6
vfwprintf                                         /lib64/libc.so.6
vfwprintf@@GLIBC_2.2.5                            /lib64/libc.so.6
vfwprintf@GLIBC_2.2.5                             /lib64/libc.so.6
vfwscanf                                          /lib64/libc.so.6
vfwscanf@@GLIBC_2.2.5                             /lib64/libc.so.6
vfwscanf@GLIBC_2.2.5                              /lib64/libc.so.6
vscanf                                            /lib64/libc.so.6
vscanf@@GLIBC_2.2.5                               /lib64/libc.so.6
vscanf@GLIBC_2.2.5                                /lib64/libc.so.6
vsnprintf                                         /lib64/libc.so.6
vsnprintf@@GLIBC_2.2.5                            /lib64/libc.so.6
vsnprintf@GLIBC_2.2.5                             /lib64/libc.so.6
                                                  /home/qjt/spdk/dpdk/dpdk-19.05/x86_64-native-linuxapp-gcc/lib/librte_eal.so
vsprintf                                          /lib64/libc.so.6
vsprintf@@GLIBC_2.2.5                             /lib64/libc.so.6
vsprintf@GLIBC_2.2.5                              /lib64/libc.so.6
vsscanf                                           /lib64/libc.so.6
vsscanf@@GLIBC_2.2.5                              /lib64/libc.so.6
vsscanf@GLIBC_2.2.5                               /lib64/libc.so.6
vswprintf                                         /lib64/libc.so.6
vswprintf@@GLIBC_2.2.5                            /lib64/libc.so.6
vswprintf@GLIBC_2.2.5                             /lib64/libc.so.6
wait                                              /lib64/libpthread.so.0
wait3                                             /lib64/libc.so.6
wait3@@GLIBC_2.2.5                                /lib64/libc.so.6
wait3@GLIBC_2.2.5                                 /lib64/libc.so.6
wait4                                             /lib64/libc.so.6
wait4@@GLIBC_2.2.5                                /lib64/libc.so.6
wait4@GLIBC_2.2.5                                 /lib64/libc.so.6
wait@@GLIBC_2.2.5                                 /lib64/libpthread.so.0
                                                  /lib64/libc.so.6
wait@GLIBC_2.2.5                                  /lib64/libpthread.so.0
waitid                                            /lib64/libc.so.6
waitid@@GLIBC_2.2.5                               /lib64/libc.so.6
waitid@GLIBC_2.2.5                                /lib64/libc.so.6
waitpid                                           /lib64/libpthread.so.0
waitpid@@GLIBC_2.2.5                              /lib64/libpthread.so.0
                                                  /lib64/libc.so.6
waitpid@GLIBC_2.2.5                               /lib64/libpthread.so.0
wcpcpy                                            /lib64/libc.so.6
wcpcpy@@GLIBC_2.2.5                               /lib64/libc.so.6
wcpcpy@GLIBC_2.2.5                                /lib64/libc.so.6
wcpncpy                                           /lib64/libc.so.6
wcpncpy@@GLIBC_2.2.5                              /lib64/libc.so.6
wcpncpy@GLIBC_2.2.5                               /lib64/libc.so.6
wcrtomb                                           /lib64/libc.so.6
wcrtomb@@GLIBC_2.2.5                              /lib64/libc.so.6
wcrtomb@GLIBC_2.2.5                               /lib64/libc.so.6
wcscasecmp                                        /lib64/libc.so.6
wcscasecmp@@GLIBC_2.2.5                           /lib64/libc.so.6
wcscasecmp@GLIBC_2.2.5                            /lib64/libc.so.6
wcscasecmp_l                                      /lib64/libc.so.6
wcscasecmp_l@@GLIBC_2.3                           /lib64/libc.so.6
wcscasecmp_l@GLIBC_2.3                            /lib64/libc.so.6
wcscat                                            /lib64/libc.so.6
wcscat@@GLIBC_2.2.5                               /lib64/libc.so.6
wcscat@GLIBC_2.2.5                                /lib64/libc.so.6
wcschrnul                                         /lib64/libc.so.6
wcschrnul@@GLIBC_2.2.5                            /lib64/libc.so.6
wcschrnul@GLIBC_2.2.5                             /lib64/libc.so.6
wcscoll                                           /lib64/libc.so.6
wcscoll@@GLIBC_2.2.5                              /lib64/libc.so.6
wcscoll@GLIBC_2.2.5                               /lib64/libc.so.6
wcscoll_l                                         /lib64/libc.so.6
wcscoll_l@@GLIBC_2.3                              /lib64/libc.so.6
wcscoll_l@GLIBC_2.3                               /lib64/libc.so.6
wcsftime_l                                        /lib64/libc.so.6
wcsftime_l@@GLIBC_2.3                             /lib64/libc.so.6
wcsftime_l@GLIBC_2.3                              /lib64/libc.so.6
wcslen                                            /lib64/libc.so.6
wcslen@@GLIBC_2.2.5                               /lib64/libc.so.6
wcslen@GLIBC_2.2.5                                /lib64/libc.so.6
wcsncasecmp                                       /lib64/libc.so.6
wcsncasecmp@@GLIBC_2.2.5                          /lib64/libc.so.6
wcsncasecmp@GLIBC_2.2.5                           /lib64/libc.so.6
wcsncasecmp_l                                     /lib64/libc.so.6
wcsncasecmp_l@@GLIBC_2.3                          /lib64/libc.so.6
wcsncasecmp_l@GLIBC_2.3                           /lib64/libc.so.6
wcsncpy                                           /lib64/libc.so.6
wcsncpy@@GLIBC_2.2.5                              /lib64/libc.so.6
wcsncpy@GLIBC_2.2.5                               /lib64/libc.so.6
wcsnlen                                           /lib64/libc.so.6
wcsnlen@@GLIBC_2.2.5                              /lib64/libc.so.6
wcsnlen@GLIBC_2.2.5                               /lib64/libc.so.6
wcsnrtombs                                        /lib64/libc.so.6
wcsnrtombs@@GLIBC_2.2.5                           /lib64/libc.so.6
wcsnrtombs@GLIBC_2.2.5                            /lib64/libc.so.6
wcsrtombs                                         /lib64/libc.so.6
wcsrtombs@@GLIBC_2.2.5                            /lib64/libc.so.6
wcsrtombs@GLIBC_2.2.5                             /lib64/libc.so.6
wcstod_l                                          /lib64/libc.so.6
wcstod_l@@GLIBC_2.3                               /lib64/libc.so.6
wcstod_l@GLIBC_2.3                                /lib64/libc.so.6
wcstof_l                                          /lib64/libc.so.6
wcstof_l@@GLIBC_2.3                               /lib64/libc.so.6
wcstof_l@GLIBC_2.3                                /lib64/libc.so.6
wcstol_l                                          /lib64/libc.so.6
wcstol_l@@GLIBC_2.3                               /lib64/libc.so.6
wcstol_l@GLIBC_2.3                                /lib64/libc.so.6
wcstold_l                                         /lib64/libc.so.6
wcstold_l@@GLIBC_2.3                              /lib64/libc.so.6
wcstold_l@GLIBC_2.3                               /lib64/libc.so.6
wcstoll                                           /lib64/libc.so.6
wcstoll@@GLIBC_2.2.5                              /lib64/libc.so.6
wcstoll@GLIBC_2.2.5                               /lib64/libc.so.6
wcstoll_l                                         /lib64/libc.so.6
wcstoll_l@@GLIBC_2.3                              /lib64/libc.so.6
wcstoll_l@GLIBC_2.3                               /lib64/libc.so.6
wcstoq                                            /lib64/libc.so.6
wcstoq@@GLIBC_2.2.5                               /lib64/libc.so.6
wcstoq@GLIBC_2.2.5                                /lib64/libc.so.6
wcstoul_l                                         /lib64/libc.so.6
wcstoul_l@@GLIBC_2.3                              /lib64/libc.so.6
wcstoul_l@GLIBC_2.3                               /lib64/libc.so.6
wcstoull                                          /lib64/libc.so.6
wcstoull@@GLIBC_2.2.5                             /lib64/libc.so.6
wcstoull@GLIBC_2.2.5                              /lib64/libc.so.6
wcstoull_l                                        /lib64/libc.so.6
wcstoull_l@@GLIBC_2.3                             /lib64/libc.so.6
wcstoull_l@GLIBC_2.3                              /lib64/libc.so.6
wcstouq                                           /lib64/libc.so.6
wcstouq@@GLIBC_2.2.5                              /lib64/libc.so.6
wcstouq@GLIBC_2.2.5                               /lib64/libc.so.6
wcswcs                                            /lib64/libc.so.6
wcswcs@@GLIBC_2.2.5                               /lib64/libc.so.6
wcswcs@GLIBC_2.2.5                                /lib64/libc.so.6
wcsxfrm_l                                         /lib64/libc.so.6
wcsxfrm_l@@GLIBC_2.3                              /lib64/libc.so.6
wcsxfrm_l@GLIBC_2.3                               /lib64/libc.so.6
wctrans                                           /lib64/libc.so.6
wctrans@@GLIBC_2.2.5                              /lib64/libc.so.6
wctrans@GLIBC_2.2.5                               /lib64/libc.so.6
wctrans_l                                         /lib64/libc.so.6
wctrans_l@@GLIBC_2.3                              /lib64/libc.so.6
wctrans_l@GLIBC_2.3                               /lib64/libc.so.6
wctype                                            /lib64/libc.so.6
wctype@@GLIBC_2.2.5                               /lib64/libc.so.6
wctype@GLIBC_2.2.5                                /lib64/libc.so.6
wctype_l                                          /lib64/libc.so.6
wctype_l@@GLIBC_2.3                               /lib64/libc.so.6
wctype_l@GLIBC_2.3                                /lib64/libc.so.6
wmemcpy                                           /lib64/libc.so.6
wmemcpy@@GLIBC_2.2.5                              /lib64/libc.so.6
wmemcpy@GLIBC_2.2.5                               /lib64/libc.so.6
wmemmove                                          /lib64/libc.so.6
wmemmove@@GLIBC_2.2.5                             /lib64/libc.so.6
wmemmove@GLIBC_2.2.5                              /lib64/libc.so.6
wmempcpy                                          /lib64/libc.so.6
wmempcpy@@GLIBC_2.2.5                             /lib64/libc.so.6
wmempcpy@GLIBC_2.2.5                              /lib64/libc.so.6
write                                             /lib64/libpthread.so.0
write@@GLIBC_2.2.5                                /lib64/libpthread.so.0
                                                  /lib64/libc.so.6
write@GLIBC_2.2.5                                 /lib64/libpthread.so.0
                                                  //usr/lib64/librt.so.1
                                                  /home/qjt/spdk/dpdk/dpdk-19.05/x86_64-native-linuxapp-gcc/lib/librte_kni.so
                                                  /home/qjt/spdk/dpdk/dpdk-19.05/x86_64-native-linuxapp-gcc/lib/librte_cmdline.so
                                                  /home/qjt/spdk/dpdk/dpdk-19.05/x86_64-native-linuxapp-gcc/lib/librte_eal.so
                                                  /home/qjt/spdk/dpdk/dpdk-19.05/x86_64-native-linuxapp-gcc/lib/librte_vhost.so
                                                  /home/qjt/spdk/dpdk/dpdk-19.05/x86_64-native-linuxapp-gcc/lib/librte_power.so
                                                  /home/qjt/spdk/dpdk/dpdk-19.05/x86_64-native-linuxapp-gcc/lib/librte_port.so
writev                                            /lib64/libc.so.6
writev@@GLIBC_2.2.5                               /lib64/libc.so.6
writev@GLIBC_2.2.5                                /lib64/libc.so.6
y0l                                               //usr/lib64/libm.so.6
y0l@@GLIBC_2.2.5                                  //usr/lib64/libm.so.6
y0l@GLIBC_2.2.5                                   //usr/lib64/libm.so.6
y1l                                               //usr/lib64/libm.so.6
y1l@@GLIBC_2.2.5                                  //usr/lib64/libm.so.6
y1l@GLIBC_2.2.5                                   //usr/lib64/libm.so.6
ynl                                               //usr/lib64/libm.so.6
ynl@@GLIBC_2.2.5                                  //usr/lib64/libm.so.6
ynl@GLIBC_2.2.5                                   //usr/lib64/libm.so.6
